Component: ARM Compiler 5.06 update 3 (build 300) Tool: armlink [4d35c9]

==============================================================================

Section Cross References

    main.o(i.main) refers to misc.o(i.NVIC_PriorityGroupConfig) for NVIC_PriorityGroupConfig
    main.o(i.main) refers to bsp.o(i.BspInit) for BspInit
    main.o(i.main) refers to uc1689ugui.o(i.SetFont) for SetFont
    main.o(i.main) refers to uc1689ugui.o(i.DisplayString) for DisplayString
    main.o(i.main) refers to modbus.o(i.ModBusRun) for ModBusRun
    main.o(i.main) refers to printfa.o(i.__0sprintf) for __2sprintf
    main.o(i.main) refers to system_stm32f10x.o(.data) for SystemCoreClock
    main.o(i.main) refers to main.o(.bss) for Rx1_Buffer
    main.o(i.main) refers to main.o(.data) for Test
    main.o(i.main) refers to stm32f10x_it.o(.data) for TimeMs
    stm32f10x_it.o(i.SysTick_Handler) refers to stm32f10x_it.o(.data) for TimeMs
    stm32f10x_it.o(i.USART1_IRQHandler) refers to stm32f10x_usart.o(i.USART_GetITStatus) for USART_GetITStatus
    stm32f10x_it.o(i.USART1_IRQHandler) refers to stm32f10x_usart.o(i.USART_ReceiveData) for USART_ReceiveData
    stm32f10x_it.o(i.USART1_IRQHandler) refers to stm32f10x_it.o(.data) for len
    stm32f10x_it.o(i.USART1_IRQHandler) refers to stm32f10x_it.o(.bss) for Res
    stm32f10x_it.o(i.USART1_IRQHandler) refers to modbus.o(.bss) for MbRicv
    stm32f10x_it.o(i.USART1_IRQHandler) refers to modbus.o(.data) for MbStatus
    weigh.o(i.GetWeightValue) refers to weigh.o(.bss) for WeightNow
    weigh.o(i.UpdateSensorValue) refers to weigh.o(.bss) for WeightNow
    modbus.o(i.ModBusFuc) refers to modbus.o(i.ModBusFuc03) for ModBusFuc03
    modbus.o(i.ModBusFuc) refers to modbus.o(i.ModBusFuc16) for ModBusFuc16
    modbus.o(i.ModBusFuc) refers to modbus.o(.bss) for MbRicv
    modbus.o(i.ModBusFuc) refers to modbus.o(.data) for MbStatus
    modbus.o(i.ModBusFuc03) refers to mbcrc.o(i.usMBCRC16) for usMBCRC16
    modbus.o(i.ModBusFuc03) refers to modbus.o(.bss) for MbRicv
    modbus.o(i.ModBusFuc03) refers to modbus.o(.data) for MbStatus
    modbus.o(i.ModBusFuc16) refers to mbcrc.o(i.usMBCRC16) for usMBCRC16
    modbus.o(i.ModBusFuc16) refers to modbus.o(.bss) for MbRicv
    modbus.o(i.ModBusFuc16) refers to modbus.o(.data) for MbStatus
    modbus.o(i.ModBusInit) refers to modbus.o(.bss) for uMb_F0316
    modbus.o(i.ModBusRp) refers to mbcrc.o(i.usMBCRC16) for usMBCRC16
    modbus.o(i.ModBusRp) refers to bsp.o(i.USART1_SendArray) for USART1_SendArray
    modbus.o(i.ModBusRp) refers to modbus.o(.bss) for MbRicv
    modbus.o(i.ModBusRp) refers to modbus.o(.data) for MbStatus
    modbus.o(i.ModBusRun) refers to mbcrc.o(i.usMBCRC16) for usMBCRC16
    modbus.o(i.ModBusRun) refers to modbus.o(i.ModBusFuc) for ModBusFuc
    modbus.o(i.ModBusRun) refers to modbus.o(i.ModBusRp) for ModBusRp
    modbus.o(i.ModBusRun) refers to modbus.o(.data) for MbStatus
    modbus.o(i.ModBusRun) refers to modbus.o(.bss) for MbRicv
    bsp_eeprom_24xx.o(i.ee_CheckOk) refers to bsp_i2c_gpio.o(i.i2c_CheckDevice) for i2c_CheckDevice
    bsp_eeprom_24xx.o(i.ee_CheckOk) refers to bsp_i2c_gpio.o(i.i2c_Stop) for i2c_Stop
    bsp_eeprom_24xx.o(i.ee_ReadBytes) refers to bsp_i2c_gpio.o(i.i2c_Start) for i2c_Start
    bsp_eeprom_24xx.o(i.ee_ReadBytes) refers to bsp_i2c_gpio.o(i.i2c_SendByte) for i2c_SendByte
    bsp_eeprom_24xx.o(i.ee_ReadBytes) refers to bsp_i2c_gpio.o(i.i2c_WaitAck) for i2c_WaitAck
    bsp_eeprom_24xx.o(i.ee_ReadBytes) refers to bsp_i2c_gpio.o(i.i2c_ReadByte) for i2c_ReadByte
    bsp_eeprom_24xx.o(i.ee_ReadBytes) refers to bsp_i2c_gpio.o(i.i2c_Ack) for i2c_Ack
    bsp_eeprom_24xx.o(i.ee_ReadBytes) refers to bsp_i2c_gpio.o(i.i2c_NAck) for i2c_NAck
    bsp_eeprom_24xx.o(i.ee_ReadBytes) refers to bsp_i2c_gpio.o(i.i2c_Stop) for i2c_Stop
    bsp_eeprom_24xx.o(i.ee_ReadUserData) refers to bsp_eeprom_24xx.o(i.ee_CheckOk) for ee_CheckOk
    bsp_eeprom_24xx.o(i.ee_ReadUserData) refers to bsp_eeprom_24xx.o(i.ee_ReadBytes) for ee_ReadBytes
    bsp_eeprom_24xx.o(i.ee_ReadUserData) refers to mbcrc.o(i.usMBCRC16) for usMBCRC16
    bsp_eeprom_24xx.o(i.ee_ReadUserData) refers to weigh.o(.bss) for WeightEmpty
    bsp_eeprom_24xx.o(i.ee_WriteBytes) refers to bsp_i2c_gpio.o(i.i2c_Stop) for i2c_Stop
    bsp_eeprom_24xx.o(i.ee_WriteBytes) refers to bsp_i2c_gpio.o(i.i2c_Start) for i2c_Start
    bsp_eeprom_24xx.o(i.ee_WriteBytes) refers to bsp_i2c_gpio.o(i.i2c_SendByte) for i2c_SendByte
    bsp_eeprom_24xx.o(i.ee_WriteBytes) refers to bsp_i2c_gpio.o(i.i2c_WaitAck) for i2c_WaitAck
    bsp_eeprom_24xx.o(i.ee_WriteUserData) refers to mbcrc.o(i.usMBCRC16) for usMBCRC16
    bsp_eeprom_24xx.o(i.ee_WriteUserData) refers to bsp_eeprom_24xx.o(i.ee_CheckOk) for ee_CheckOk
    bsp_eeprom_24xx.o(i.ee_WriteUserData) refers to bsp_eeprom_24xx.o(i.ee_WriteBytes) for ee_WriteBytes
    bsp_eeprom_24xx.o(i.ee_WriteUserData) refers to weigh.o(.bss) for WeightEmpty
    uc1689ugui.o(i.DisplayBigPer) refers to dflti.o(.text) for __aeabi_i2d
[...]
    Removing stm32f10x_adc.o(i.ADC_GetCalibrationStatus), (20 bytes).
    Removing stm32f10x_adc.o(i.ADC_GetConversionValue), (8 bytes).
    Removing stm32f10x_adc.o(i.ADC_GetDualModeConversionValue), (12 bytes).
    Removing stm32f10x_adc.o(i.ADC_GetFlagStatus), (18 bytes).
    Removing stm32f10x_adc.o(i.ADC_GetITStatus), (36 bytes).
    Removing stm32f10x_adc.o(i.ADC_GetInjectedConversionValue), (28 bytes).
    Removing stm32f10x_adc.o(i.ADC_GetResetCalibrationStatus), (20 bytes).
    Removing stm32f10x_adc.o(i.ADC_GetSoftwareStartConvStatus), (20 bytes).
    Removing stm32f10x_adc.o(i.ADC_GetSoftwareStartInjectedConvCmdStatus), (20 bytes).
    Removing stm32f10x_adc.o(i.ADC_ITConfig), (24 bytes).
    Removing stm32f10x_adc.o(i.ADC_Init), (80 bytes).
    Removing stm32f10x_adc.o(i.ADC_InjectedChannelConfig), (130 bytes).
    Removing stm32f10x_adc.o(i.ADC_InjectedDiscModeCmd), (22 bytes).
    Removing stm32f10x_adc.o(i.ADC_InjectedSequencerLengthConfig), (24 bytes).
    Removing stm32f10x_adc.o(i.ADC_RegularChannelConfig), (184 bytes).
    Removing stm32f10x_adc.o(i.ADC_ResetCalibration), (10 bytes).
    Removing stm32f10x_adc.o(i.ADC_SetInjectedOffset), (20 bytes).
    Removing stm32f10x_adc.o(i.ADC_SoftwareStartConvCmd), (22 bytes).
    Removing stm32f10x_adc.o(i.ADC_SoftwareStartInjectedConvCmd), (22 bytes).
    Removing stm32f10x_adc.o(i.ADC_StartCalibration), (10 bytes).
    Removing stm32f10x_adc.o(i.ADC_StructInit), (18 bytes).
    Removing stm32f10x_adc.o(i.ADC_TempSensorVrefintCmd), (36 bytes).
    Removing stm32f10x_bkp.o(i.BKP_ClearFlag), (20 bytes).
    Removing stm32f10x_bkp.o(i.BKP_ClearITPendingBit), (20 bytes).
    Removing stm32f10x_bkp.o(i.BKP_DeInit), (16 bytes).
    Removing stm32f10x_bkp.o(i.BKP_GetFlagStatus), (12 bytes).
    Removing stm32f10x_bkp.o(i.BKP_GetITStatus), (12 bytes).
    Removing stm32f10x_bkp.o(i.BKP_ITConfig), (12 bytes).
    Removing stm32f10x_bkp.o(i.BKP_RTCOutputConfig), (28 bytes).
    Removing stm32f10x_bkp.o(i.BKP_ReadBackupRegister), (28 bytes).
    Removing stm32f10x_bkp.o(i.BKP_SetRTCCalibrationValue), (28 bytes).
    Removing stm32f10x_bkp.o(i.BKP_TamperPinCmd), (12 bytes).
    Removing stm32f10x_bkp.o(i.BKP_TamperPinLevelConfig), (12 bytes).
    Removing stm32f10x_bkp.o(i.BKP_WriteBackupRegister), (28 bytes).
    Removing stm32f10x_can.o(i.CAN_CancelTransmit), (48 bytes).
    Removing stm32f10x_can.o(i.CAN_ClearFlag), (56 bytes).
    Removing stm32f10x_can.o(i.CAN_ClearITPendingBit), (168 bytes).
    Removing stm32f10x_can.o(i.CAN_DBGFreeze), (22 bytes).
    Removing stm32f10x_can.o(i.CAN_DeInit), (56 bytes).
    Removing stm32f10x_can.o(i.CAN_FIFORelease), (22 bytes).
    Removing stm32f10x_can.o(i.CAN_FilterInit), (264 bytes).
    Removing stm32f10x_can.o(i.CAN_GetFlagStatus), (120 bytes).
    Removing stm32f10x_can.o(i.CAN_GetITStatus), (288 bytes).
    Removing stm32f10x_can.o(i.CAN_GetLSBTransmitErrorCounter), (12 bytes).
    Removing stm32f10x_can.o(i.CAN_GetLastErrorCode), (12 bytes).
    Removing stm32f10x_can.o(i.CAN_GetReceiveErrorCounter), (10 bytes).
    Removing stm32f10x_can.o(i.CAN_ITConfig), (18 bytes).
    Removing stm32f10x_can.o(i.CAN_Init), (276 bytes).
    Removing stm32f10x_can.o(i.CAN_MessagePending), (30 bytes).
    Removing stm32f10x_can.o(i.CAN_OperatingModeRequest), (162 bytes).
    Removing stm32f10x_can.o(i.CAN_Receive), (240 bytes).
    Removing stm32f10x_can.o(i.CAN_SlaveStartBank), (52 bytes).
    Removing stm32f10x_can.o(i.CAN_Sleep), (30 bytes).
    Removing stm32f10x_can.o(i.CAN_StructInit), (32 bytes).
    Removing stm32f10x_can.o(i.CAN_TTComModeCmd), (118 bytes).
    Removing stm32f10x_can.o(i.CAN_Transmit), (294 bytes).
    Removing stm32f10x_can.o(i.CAN_TransmitStatus), (160 bytes).
    Removing stm32f10x_can.o(i.CAN_WakeUp), (48 bytes).
    Removing stm32f10x_can.o(i.CheckITStatus), (18 bytes).
    Removing stm32f10x_cec.o(i.CEC_ClearFlag), (36 bytes).
    Removing stm32f10x_cec.o(i.CEC_ClearITPendingBit), (36 bytes).
    Removing stm32f10x_cec.o(i.CEC_Cmd), (32 bytes).
    Removing stm32f10x_cec.o(i.CEC_DeInit), (22 bytes).
    Removing stm32f10x_cec.o(i.CEC_EndOfMessageCmd), (12 bytes).
    Removing stm32f10x_cec.o(i.CEC_GetFlagStatus), (48 bytes).
    Removing stm32f10x_cec.o(i.CEC_GetITStatus), (40 bytes).
    Removing stm32f10x_cec.o(i.CEC_ITConfig), (12 bytes).
    Removing stm32f10x_cec.o(i.CEC_Init), (32 bytes).
    Removing stm32f10x_cec.o(i.CEC_OwnAddressConfig), (12 bytes).
    Removing stm32f10x_cec.o(i.CEC_ReceiveDataByte), (12 bytes).
    Removing stm32f10x_cec.o(i.CEC_SendDataByte), (12 bytes).
    Removing stm32f10x_cec.o(i.CEC_SetPrescaler), (12 bytes).
    Removing stm32f10x_cec.o(i.CEC_StartOfMessage), (12 bytes).
    Removing stm32f10x_crc.o(i.CRC_CalcBlockCRC), (36 bytes).
    Removing stm32f10x_crc.o(i.CRC_CalcCRC), (16 bytes).
    Removing stm32f10x_crc.o(i.CRC_GetCRC), (12 bytes).
    Removing stm32f10x_crc.o(i.CRC_GetIDRegister), (12 bytes).
    Removing stm32f10x_crc.o(i.CRC_ResetDR), (12 bytes).
    Removing stm32f10x_crc.o(i.CRC_SetIDRegister), (12 bytes).
    Removing stm32f10x_dac.o(i.DAC_Cmd), (40 bytes).
    Removing stm32f10x_dac.o(i.DAC_DMACmd), (44 bytes).
    Removing stm32f10x_dac.o(i.DAC_DeInit), (22 bytes).
    Removing stm32f10x_dac.o(i.DAC_DualSoftwareTriggerCmd), (36 bytes).
    Removing stm32f10x_dac.o(i.DAC_GetDataOutputValue), (36 bytes).
    Removing stm32f10x_dac.o(i.DAC_Init), (52 bytes).
    Removing stm32f10x_dac.o(i.DAC_SetChannel1Data), (32 bytes).
    Removing stm32f10x_dac.o(i.DAC_SetChannel2Data), (32 bytes).
    Removing stm32f10x_dac.o(i.DAC_SetDualChannelData), (36 bytes).
    Removing stm32f10x_dac.o(i.DAC_SoftwareTriggerCmd), (44 bytes).
    Removing stm32f10x_dac.o(i.DAC_StructInit), (12 bytes).
    Removing stm32f10x_dac.o(i.DAC_WaveGenerationCmd), (40 bytes).
    Removing stm32f10x_dbgmcu.o(i.DBGMCU_Config), (32 bytes).
    Removing stm32f10x_dbgmcu.o(i.DBGMCU_GetDEVID), (16 bytes).
    Removing stm32f10x_dbgmcu.o(i.DBGMCU_GetREVID), (12 bytes).
    Removing stm32f10x_dma.o(i.DMA_ClearFlag), (28 bytes).
    Removing stm32f10x_dma.o(i.DMA_ClearITPendingBit), (28 bytes).
    Removing stm32f10x_dma.o(i.DMA_Cmd), (24 bytes).
    Removing stm32f10x_dma.o(i.DMA_DeInit), (332 bytes).
    Removing stm32f10x_dma.o(i.DMA_GetCurrDataCounter), (8 bytes).
    Removing stm32f10x_dma.o(i.DMA_GetFlagStatus), (44 bytes).
    Removing stm32f10x_dma.o(i.DMA_GetITStatus), (44 bytes).
    Removing stm32f10x_dma.o(i.DMA_ITConfig), (18 bytes).
    Removing stm32f10x_dma.o(i.DMA_Init), (60 bytes).
    Removing stm32f10x_dma.o(i.DMA_SetCurrDataCounter), (4 bytes).
    Removing stm32f10x_dma.o(i.DMA_StructInit), (26 bytes).
    Removing stm32f10x_exti.o(i.EXTI_ClearFlag), (12 bytes).
    Removing stm32f10x_exti.o(i.EXTI_ClearITPendingBit), (12 bytes).
    Removing stm32f10x_exti.o(i.EXTI_DeInit), (36 bytes).
    Removing stm32f10x_exti.o(i.EXTI_GenerateSWInterrupt), (16 bytes).
    Removing stm32f10x_exti.o(i.EXTI_GetFlagStatus), (24 bytes).
    Removing stm32f10x_exti.o(i.EXTI_GetITStatus), (40 bytes).
    Removing stm32f10x_exti.o(i.EXTI_Init), (148 bytes).
    Removing stm32f10x_exti.o(i.EXTI_StructInit), (16 bytes).
    Removing stm32f10x_flash.o(i.FLASH_ClearFlag), (12 bytes).
    Removing stm32f10x_flash.o(i.FLASH_EnableWriteProtection), (196 bytes).
    Removing stm32f10x_flash.o(i.FLASH_EraseAllBank1Pages), (72 bytes).
    Removing stm32f10x_flash.o(i.FLASH_EraseAllPages), (72 bytes).
    Removing stm32f10x_flash.o(i.FLASH_EraseOptionBytes), (168 bytes).
    Removing stm32f10x_flash.o(i.FLASH_ErasePage), (76 bytes).
    Removing stm32f10x_flash.o(i.FLASH_GetBank1Status), (52 bytes).
    Removing stm32f10x_flash.o(i.FLASH_GetFlagStatus), (48 bytes).
    Removing stm32f10x_flash.o(i.FLASH_GetPrefetchBufferStatus), (24 bytes).
    Removing stm32f10x_flash.o(i.FLASH_GetReadOutProtectionStatus), (24 bytes).
    Removing stm32f10x_flash.o(i.FLASH_GetStatus), (52 bytes).
    Removing stm32f10x_flash.o(i.FLASH_GetUserOptionByte), (12 bytes).
    Removing stm32f10x_flash.o(i.FLASH_GetWriteProtectionOptionByte), (12 bytes).
    Removing stm32f10x_flash.o(i.FLASH_HalfCycleAccessCmd), (28 bytes).
    Removing stm32f10x_flash.o(i.FLASH_ITConfig), (32 bytes).
    Removing stm32f10x_flash.o(i.FLASH_Lock), (20 bytes).
    Removing stm32f10x_flash.o(i.FLASH_LockBank1), (20 bytes).
    Removing stm32f10x_flash.o(i.FLASH_PrefetchBufferCmd), (28 bytes).
    Removing stm32f10x_flash.o(i.FLASH_ProgramHalfWord), (64 bytes).
    Removing stm32f10x_flash.o(i.FLASH_ProgramOptionByteData), (84 bytes).
    Removing stm32f10x_flash.o(i.FLASH_ProgramWord), (108 bytes).
    Removing stm32f10x_flash.o(i.FLASH_ReadOutProtection), (172 bytes).
    Removing stm32f10x_flash.o(i.FLASH_SetLatency), (24 bytes).
    Removing stm32f10x_flash.o(i.FLASH_Unlock), (24 bytes).
    Removing stm32f10x_flash.o(i.FLASH_UnlockBank1), (24 bytes).
    Removing stm32f10x_flash.o(i.FLASH_UserOptionByteConfig), (104 bytes).
    Removing stm32f10x_flash.o(i.FLASH_WaitForLastBank1Operation), (38 bytes).
    Removing stm32f10x_flash.o(i.FLASH_WaitForLastOperation), (38 bytes).
    Removing stm32f10x_fsmc.o(i.FSMC_ClearFlag), (64 bytes).
    Removing stm32f10x_fsmc.o(i.FSMC_ClearITPendingBit), (72 bytes).
    Removing stm32f10x_fsmc.o(i.FSMC_GetECC), (28 bytes).
    Removing stm32f10x_fsmc.o(i.FSMC_GetFlagStatus), (56 bytes).
    Removing stm32f10x_fsmc.o(i.FSMC_GetITStatus), (68 bytes).
    Removing stm32f10x_fsmc.o(i.FSMC_ITConfig), (128 bytes).
    Removing stm32f10x_fsmc.o(i.FSMC_NANDCmd), (92 bytes).
    Removing stm32f10x_fsmc.o(i.FSMC_NANDDeInit), (68 bytes).
    Removing stm32f10x_fsmc.o(i.FSMC_NANDECCCmd), (92 bytes).
    Removing stm32f10x_fsmc.o(i.FSMC_NANDInit), (136 bytes).
    Removing stm32f10x_fsmc.o(i.FSMC_NANDStructInit), (54 bytes).
    Removing stm32f10x_fsmc.o(i.FSMC_NORSRAMDeInit), (54 bytes).
    Removing stm32f10x_fsmc.o(i.FSMC_NORSRAMStructInit), (114 bytes).
    Removing stm32f10x_fsmc.o(i.FSMC_PCCARDCmd), (48 bytes).
    Removing stm32f10x_fsmc.o(i.FSMC_PCCARDDeInit), (40 bytes).
    Removing stm32f10x_fsmc.o(i.FSMC_PCCARDInit), (132 bytes).
    Removing stm32f10x_fsmc.o(i.FSMC_PCCARDStructInit), (60 bytes).
    Removing stm32f10x_gpio.o(i.GPIO_AFIODeInit), (20 bytes).
    Removing stm32f10x_gpio.o(i.GPIO_DeInit), (200 bytes).
    Removing stm32f10x_gpio.o(i.GPIO_ETH_MediaInterfaceConfig), (12 bytes).
    Removing stm32f10x_gpio.o(i.GPIO_EXTILineConfig), (64 bytes).
    Removing stm32f10x_gpio.o(i.GPIO_EventOutputCmd), (12 bytes).
    Removing stm32f10x_gpio.o(i.GPIO_EventOutputConfig), (32 bytes).
    Removing stm32f10x_gpio.o(i.GPIO_PinLockConfig), (18 bytes).
    Removing stm32f10x_gpio.o(i.GPIO_PinRemapConfig), (144 bytes).
    Removing stm32f10x_gpio.o(i.GPIO_ReadInputData), (8 bytes).
    Removing stm32f10x_gpio.o(i.GPIO_ReadInputDataBit), (18 bytes).
    Removing stm32f10x_gpio.o(i.GPIO_ReadOutputData), (8 bytes).
    Removing stm32f10x_gpio.o(i.GPIO_ReadOutputDataBit), (18 bytes).
    Removing stm32f10x_gpio.o(i.GPIO_StructInit), (16 bytes).
    Removing stm32f10x_gpio.o(i.GPIO_Write), (4 bytes).
    Removing stm32f10x_gpio.o(i.GPIO_WriteBit), (10 bytes).
    Removing stm32f10x_i2c.o(i.I2C_ARPCmd), (24 bytes).
    Removing stm32f10x_i2c.o(i.I2C_AcknowledgeConfig), (24 bytes).
    Removing stm32f10x_i2c.o(i.I2C_CalculatePEC), (24 bytes).
    Removing stm32f10x_i2c.o(i.I2C_CheckEvent), (42 bytes).
    Removing stm32f10x_i2c.o(i.I2C_ClearFlag), (12 bytes).
    Removing stm32f10x_i2c.o(i.I2C_ClearITPendingBit), (12 bytes).
    Removing stm32f10x_i2c.o(i.I2C_Cmd), (24 bytes).
    Removing stm32f10x_i2c.o(i.I2C_DMACmd), (24 bytes).
    Removing stm32f10x_i2c.o(i.I2C_DMALastTransferCmd), (24 bytes).
    Removing stm32f10x_i2c.o(i.I2C_DeInit), (56 bytes).
    Removing stm32f10x_i2c.o(i.I2C_DualAddressCmd), (24 bytes).
    Removing stm32f10x_i2c.o(i.I2C_FastModeDutyCycleConfig), (28 bytes).
    Removing stm32f10x_i2c.o(i.I2C_GeneralCallCmd), (24 bytes).
    Removing stm32f10x_i2c.o(i.I2C_GenerateSTART), (24 bytes).
    Removing stm32f10x_i2c.o(i.I2C_GenerateSTOP), (24 bytes).
    Removing stm32f10x_i2c.o(i.I2C_GetFlagStatus), (58 bytes).
    Removing stm32f10x_i2c.o(i.I2C_GetITStatus), (38 bytes).
    Removing stm32f10x_i2c.o(i.I2C_GetLastEvent), (26 bytes).
    Removing stm32f10x_i2c.o(i.I2C_GetPEC), (8 bytes).
    Removing stm32f10x_i2c.o(i.I2C_ITConfig), (18 bytes).
    Removing stm32f10x_i2c.o(i.I2C_Init), (236 bytes).
    Removing stm32f10x_i2c.o(i.I2C_NACKPositionConfig), (28 bytes).
    Removing stm32f10x_i2c.o(i.I2C_OwnAddress2Config), (22 bytes).
    Removing stm32f10x_i2c.o(i.I2C_PECPositionConfig), (28 bytes).
    Removing stm32f10x_i2c.o(i.I2C_ReadRegister), (22 bytes).
    Removing stm32f10x_i2c.o(i.I2C_ReceiveData), (8 bytes).
    Removing stm32f10x_i2c.o(i.I2C_SMBusAlertConfig), (28 bytes).
    Removing stm32f10x_i2c.o(i.I2C_Send7bitAddress), (18 bytes).
    Removing stm32f10x_i2c.o(i.I2C_SendData), (4 bytes).
    Removing stm32f10x_i2c.o(i.I2C_SoftwareResetCmd), (22 bytes).
    Removing stm32f10x_i2c.o(i.I2C_StretchClockCmd), (24 bytes).
    Removing stm32f10x_i2c.o(i.I2C_StructInit), (30 bytes).
    Removing stm32f10x_i2c.o(i.I2C_TransmitPEC), (24 bytes).
    Removing stm32f10x_iwdg.o(i.IWDG_Enable), (16 bytes).
    Removing stm32f10x_iwdg.o(i.IWDG_GetFlagStatus), (24 bytes).
    Removing stm32f10x_iwdg.o(i.IWDG_ReloadCounter), (16 bytes).
    Removing stm32f10x_iwdg.o(i.IWDG_SetPrescaler), (12 bytes).
    Removing stm32f10x_iwdg.o(i.IWDG_SetReload), (12 bytes).
    Removing stm32f10x_iwdg.o(i.IWDG_WriteAccessCmd), (12 bytes).
    Removing stm32f10x_pwr.o(i.PWR_BackupAccessCmd), (12 bytes).
    Removing stm32f10x_pwr.o(i.PWR_ClearFlag), (20 bytes).
    Removing stm32f10x_pwr.o(i.PWR_DeInit), (22 bytes).
    Removing stm32f10x_pwr.o(i.PWR_EnterSTANDBYMode), (52 bytes).
    Removing stm32f10x_pwr.o(i.PWR_EnterSTOPMode), (64 bytes).
    Removing stm32f10x_pwr.o(i.PWR_GetFlagStatus), (24 bytes).
    Removing stm32f10x_pwr.o(i.PWR_PVDCmd), (12 bytes).
    Removing stm32f10x_pwr.o(i.PWR_PVDLevelConfig), (24 bytes).
    Removing stm32f10x_pwr.o(i.PWR_WakeUpPinCmd), (12 bytes).
    Removing stm32f10x_rcc.o(i.RCC_ADCCLKConfig), (24 bytes).
    Removing stm32f10x_rcc.o(i.RCC_APB1PeriphClockCmd), (32 bytes).
    Removing stm32f10x_rcc.o(i.RCC_AdjustHSICalibrationValue), (24 bytes).
    Removing stm32f10x_rcc.o(i.RCC_BackupResetCmd), (12 bytes).
    Removing stm32f10x_rcc.o(i.RCC_ClearFlag), (20 bytes).
    Removing stm32f10x_rcc.o(i.RCC_ClearITPendingBit), (12 bytes).
    Removing stm32f10x_rcc.o(i.RCC_ClockSecuritySystemCmd), (12 bytes).
    Removing stm32f10x_rcc.o(i.RCC_DeInit), (76 bytes).
    Removing stm32f10x_rcc.o(i.RCC_GetFlagStatus), (60 bytes).
    Removing stm32f10x_rcc.o(i.RCC_GetITStatus), (24 bytes).
    Removing stm32f10x_rcc.o(i.RCC_GetSYSCLKSource), (16 bytes).
    Removing stm32f10x_rcc.o(i.RCC_HCLKConfig), (24 bytes).
    Removing stm32f10x_rcc.o(i.RCC_HSEConfig), (76 bytes).
    Removing stm32f10x_rcc.o(i.RCC_HSICmd), (12 bytes).
    Removing stm32f10x_rcc.o(i.RCC_ITConfig), (32 bytes).
    Removing stm32f10x_rcc.o(i.RCC_LSEConfig), (52 bytes).
    Removing stm32f10x_rcc.o(i.RCC_LSICmd), (12 bytes).
    Removing stm32f10x_rcc.o(i.RCC_MCOConfig), (12 bytes).
    Removing stm32f10x_rcc.o(i.RCC_PCLK1Config), (24 bytes).
    Removing stm32f10x_rcc.o(i.RCC_PCLK2Config), (24 bytes).
    Removing stm32f10x_rcc.o(i.RCC_PLLCmd), (12 bytes).
    Removing stm32f10x_rcc.o(i.RCC_PLLConfig), (28 bytes).
    Removing stm32f10x_rcc.o(i.RCC_RTCCLKCmd), (12 bytes).
    Removing stm32f10x_rcc.o(i.RCC_RTCCLKConfig), (16 bytes).
    Removing stm32f10x_rcc.o(i.RCC_SYSCLKConfig), (24 bytes).
    Removing stm32f10x_rcc.o(i.RCC_USBCLKConfig), (12 bytes).
    Removing stm32f10x_rcc.o(i.RCC_WaitForHSEStartUp), (56 bytes).
    Removing stm32f10x_rtc.o(i.RTC_ClearFlag), (16 bytes).
    Removing stm32f10x_rtc.o(i.RTC_ClearITPendingBit), (16 bytes).
    Removing stm32f10x_rtc.o(i.RTC_EnterConfigMode), (20 bytes).
    Removing stm32f10x_rtc.o(i.RTC_ExitConfigMode), (20 bytes).
    Removing stm32f10x_rtc.o(i.RTC_GetCounter), (20 bytes).
    Removing stm32f10x_rtc.o(i.RTC_GetDivider), (24 bytes).
    Removing stm32f10x_rtc.o(i.RTC_GetFlagStatus), (24 bytes).
    Removing stm32f10x_rtc.o(i.RTC_GetITStatus), (36 bytes).
    Removing stm32f10x_rtc.o(i.RTC_ITConfig), (32 bytes).
    Removing stm32f10x_rtc.o(i.RTC_SetAlarm), (28 bytes).
    Removing stm32f10x_rtc.o(i.RTC_SetCounter), (28 bytes).
    Removing stm32f10x_rtc.o(i.RTC_SetPrescaler), (32 bytes).
    Removing stm32f10x_rtc.o(i.RTC_WaitForLastTask), (20 bytes).
    Removing stm32f10x_rtc.o(i.RTC_WaitForSynchro), (36 bytes).
    Removing stm32f10x_sdio.o(i.SDIO_CEATAITCmd), (16 bytes).
    Removing stm32f10x_sdio.o(i.SDIO_ClearFlag), (12 bytes).
    Removing stm32f10x_sdio.o(i.SDIO_ClearITPendingBit), (12 bytes).
    Removing stm32f10x_sdio.o(i.SDIO_ClockCmd), (12 bytes).
    Removing stm32f10x_sdio.o(i.SDIO_CmdStructInit), (14 bytes).
    Removing stm32f10x_sdio.o(i.SDIO_CommandCompletionCmd), (12 bytes).
    Removing stm32f10x_sdio.o(i.SDIO_DMACmd), (12 bytes).
    Removing stm32f10x_sdio.o(i.SDIO_DataConfig), (48 bytes).
    Removing stm32f10x_sdio.o(i.SDIO_DataStructInit), (20 bytes).
    Removing stm32f10x_sdio.o(i.SDIO_DeInit), (36 bytes).
    Removing stm32f10x_sdio.o(i.SDIO_GetCommandResponse), (12 bytes).
    Removing stm32f10x_sdio.o(i.SDIO_GetDataCounter), (12 bytes).
    Removing stm32f10x_sdio.o(i.SDIO_GetFIFOCount), (12 bytes).
    Removing stm32f10x_sdio.o(i.SDIO_GetFlagStatus), (24 bytes).
    Removing stm32f10x_sdio.o(i.SDIO_GetITStatus), (24 bytes).
    Removing stm32f10x_sdio.o(i.SDIO_GetPowerState), (16 bytes).
    Removing stm32f10x_sdio.o(i.SDIO_GetResponse), (24 bytes).
    Removing stm32f10x_sdio.o(i.SDIO_ITConfig), (32 bytes).
    Removing stm32f10x_sdio.o(i.SDIO_Init), (48 bytes).
    Removing stm32f10x_sdio.o(i.SDIO_ReadData), (12 bytes).
    Removing stm32f10x_sdio.o(i.SDIO_SendCEATACmd), (12 bytes).
    Removing stm32f10x_sdio.o(i.SDIO_SendCommand), (44 bytes).
    Removing stm32f10x_sdio.o(i.SDIO_SendSDIOSuspendCmd), (12 bytes).
    Removing stm32f10x_sdio.o(i.SDIO_SetPowerState), (28 bytes).
    Removing stm32f10x_sdio.o(i.SDIO_SetSDIOOperation), (12 bytes).
    Removing stm32f10x_sdio.o(i.SDIO_SetSDIOReadWaitMode), (12 bytes).
    Removing stm32f10x_sdio.o(i.SDIO_StartSDIOReadWait), (12 bytes).
    Removing stm32f10x_sdio.o(i.SDIO_StopSDIOReadWait), (12 bytes).
    Removing stm32f10x_sdio.o(i.SDIO_StructInit), (16 bytes).
    Removing stm32f10x_sdio.o(i.SDIO_WriteData), (12 bytes).
    Removing stm32f10x_spi.o(i.I2S_Cmd), (24 bytes).
    Removing stm32f10x_spi.o(i.I2S_Init), (232 bytes).
    Removing stm32f10x_spi.o(i.I2S_StructInit), (20 bytes).
    Removing stm32f10x_spi.o(i.SPI_BiDirectionalLineConfig), (28 bytes).
    Removing stm32f10x_spi.o(i.SPI_CalculateCRC), (24 bytes).
    Removing stm32f10x_spi.o(i.SPI_Cmd), (24 bytes).
    Removing stm32f10x_spi.o(i.SPI_DataSizeConfig), (18 bytes).
    Removing stm32f10x_spi.o(i.SPI_GetCRC), (16 bytes).
    Removing stm32f10x_spi.o(i.SPI_GetCRCPolynomial), (6 bytes).
    Removing stm32f10x_spi.o(i.SPI_I2S_ClearFlag), (6 bytes).
    Removing stm32f10x_spi.o(i.SPI_I2S_ClearITPendingBit), (20 bytes).
    Removing stm32f10x_spi.o(i.SPI_I2S_DMACmd), (18 bytes).
    Removing stm32f10x_spi.o(i.SPI_I2S_DeInit), (88 bytes).
    Removing stm32f10x_spi.o(i.SPI_I2S_GetFlagStatus), (18 bytes).
    Removing stm32f10x_spi.o(i.SPI_I2S_GetITStatus), (52 bytes).
    Removing stm32f10x_spi.o(i.SPI_I2S_ITConfig), (32 bytes).
    Removing stm32f10x_spi.o(i.SPI_I2S_ReceiveData), (6 bytes).
    Removing stm32f10x_spi.o(i.SPI_I2S_SendData), (4 bytes).
    Removing stm32f10x_spi.o(i.SPI_Init), (60 bytes).
    Removing stm32f10x_spi.o(i.SPI_NSSInternalSoftwareConfig), (30 bytes).
    Removing stm32f10x_spi.o(i.SPI_SSOutputCmd), (24 bytes).
    Removing stm32f10x_spi.o(i.SPI_StructInit), (24 bytes).
    Removing stm32f10x_spi.o(i.SPI_TransmitCRC), (10 bytes).
    Removing stm32f10x_tim.o(i.TIM_ARRPreloadConfig), (24 bytes).
    Removing stm32f10x_tim.o(i.TIM_BDTRConfig), (32 bytes).
    Removing stm32f10x_tim.o(i.TIM_BDTRStructInit), (18 bytes).
    Removing stm32f10x_tim.o(i.TIM_CCPreloadControl), (24 bytes).
    Removing stm32f10x_tim.o(i.TIM_CCxCmd), (30 bytes).
    Removing stm32f10x_tim.o(i.TIM_CCxNCmd), (30 bytes).
    Removing stm32f10x_tim.o(i.TIM_ClearFlag), (6 bytes).
    Removing stm32f10x_tim.o(i.TIM_ClearITPendingBit), (6 bytes).
    Removing stm32f10x_tim.o(i.TIM_ClearOC1Ref), (18 bytes).
    Removing stm32f10x_tim.o(i.TIM_ClearOC2Ref), (24 bytes).
    Removing stm32f10x_tim.o(i.TIM_ClearOC3Ref), (18 bytes).
    Removing stm32f10x_tim.o(i.TIM_ClearOC4Ref), (24 bytes).
    Removing stm32f10x_tim.o(i.TIM_CounterModeConfig), (18 bytes).
    Removing stm32f10x_tim.o(i.TIM_CtrlPWMOutputs), (30 bytes).
    Removing stm32f10x_tim.o(i.TIM_DMACmd), (18 bytes).
    Removing stm32f10x_tim.o(i.TIM_DMAConfig), (10 bytes).
    Removing stm32f10x_tim.o(i.TIM_DeInit), (488 bytes).
    Removing stm32f10x_tim.o(i.TIM_ETRClockMode1Config), (54 bytes).
    Removing stm32f10x_tim.o(i.TIM_ETRClockMode2Config), (32 bytes).
    Removing stm32f10x_tim.o(i.TIM_ETRConfig), (28 bytes).
    Removing stm32f10x_tim.o(i.TIM_EncoderInterfaceConfig), (66 bytes).
    Removing stm32f10x_tim.o(i.TIM_ForcedOC1Config), (18 bytes).
    Removing stm32f10x_tim.o(i.TIM_ForcedOC2Config), (26 bytes).
    Removing stm32f10x_tim.o(i.TIM_ForcedOC3Config), (18 bytes).
    Removing stm32f10x_tim.o(i.TIM_ForcedOC4Config), (26 bytes).
    Removing stm32f10x_tim.o(i.TIM_GenerateEvent), (4 bytes).
    Removing stm32f10x_tim.o(i.TIM_GetCapture1), (6 bytes).
    Removing stm32f10x_tim.o(i.TIM_GetCapture2), (6 bytes).
    Removing stm32f10x_tim.o(i.TIM_GetCapture3), (6 bytes).
    Removing stm32f10x_tim.o(i.TIM_GetCapture4), (8 bytes).
    Removing stm32f10x_tim.o(i.TIM_GetCounter), (6 bytes).
    Removing stm32f10x_tim.o(i.TIM_GetFlagStatus), (18 bytes).
    Removing stm32f10x_tim.o(i.TIM_GetITStatus), (34 bytes).
    Removing stm32f10x_tim.o(i.TIM_GetPrescaler), (6 bytes).
    Removing stm32f10x_tim.o(i.TIM_ICStructInit), (18 bytes).
    Removing stm32f10x_tim.o(i.TIM_ITRxExternalClockConfig), (24 bytes).
    Removing stm32f10x_tim.o(i.TIM_InternalClockConfig), (12 bytes).
    Removing stm32f10x_tim.o(i.TIM_OC1FastConfig), (18 bytes).
    Removing stm32f10x_tim.o(i.TIM_OC1Init), (152 bytes).
    Removing stm32f10x_tim.o(i.TIM_OC1NPolarityConfig), (18 bytes).
    Removing stm32f10x_tim.o(i.TIM_OC1PolarityConfig), (18 bytes).
    Removing stm32f10x_tim.o(i.TIM_OC1PreloadConfig), (18 bytes).
    Removing stm32f10x_tim.o(i.TIM_OC2FastConfig), (26 bytes).
    Removing stm32f10x_tim.o(i.TIM_OC2Init), (164 bytes).
    Removing stm32f10x_tim.o(i.TIM_OC2NPolarityConfig), (26 bytes).
    Removing stm32f10x_tim.o(i.TIM_OC2PolarityConfig), (26 bytes).
    Removing stm32f10x_tim.o(i.TIM_OC2PreloadConfig), (26 bytes).
    Removing stm32f10x_tim.o(i.TIM_OC3FastConfig), (18 bytes).
    Removing stm32f10x_tim.o(i.TIM_OC3Init), (160 bytes).
    Removing stm32f10x_tim.o(i.TIM_OC3NPolarityConfig), (26 bytes).
    Removing stm32f10x_tim.o(i.TIM_OC3PolarityConfig), (26 bytes).
    Removing stm32f10x_tim.o(i.TIM_OC3PreloadConfig), (18 bytes).
    Removing stm32f10x_tim.o(i.TIM_OC4FastConfig), (26 bytes).
    Removing stm32f10x_tim.o(i.TIM_OC4Init), (124 bytes).
    Removing stm32f10x_tim.o(i.TIM_OC4PolarityConfig), (26 bytes).
    Removing stm32f10x_tim.o(i.TIM_OC4PreloadConfig), (26 bytes).
    Removing stm32f10x_tim.o(i.TIM_OCStructInit), (20 bytes).
    Removing stm32f10x_tim.o(i.TIM_PWMIConfig), (124 bytes).
    Removing stm32f10x_tim.o(i.TIM_PrescalerConfig), (6 bytes).
    Removing stm32f10x_tim.o(i.TIM_SelectCCDMA), (24 bytes).
    Removing stm32f10x_tim.o(i.TIM_SelectCOM), (24 bytes).
    Removing stm32f10x_tim.o(i.TIM_SelectHallSensor), (24 bytes).
    Removing stm32f10x_tim.o(i.TIM_SelectInputTrigger), (18 bytes).
    Removing stm32f10x_tim.o(i.TIM_SelectMasterSlaveMode), (18 bytes).
    Removing stm32f10x_tim.o(i.TIM_SelectOCxM), (82 bytes).
    Removing stm32f10x_tim.o(i.TIM_SelectOnePulseMode), (18 bytes).
    Removing stm32f10x_tim.o(i.TIM_SelectOutputTrigger), (18 bytes).
    Removing stm32f10x_tim.o(i.TIM_SelectSlaveMode), (18 bytes).
    Removing stm32f10x_tim.o(i.TIM_SetAutoreload), (4 bytes).
    Removing stm32f10x_tim.o(i.TIM_SetClockDivision), (18 bytes).
    Removing stm32f10x_tim.o(i.TIM_SetCompare1), (4 bytes).
    Removing stm32f10x_tim.o(i.TIM_SetCompare2), (4 bytes).
    Removing stm32f10x_tim.o(i.TIM_SetCompare3), (4 bytes).
    Removing stm32f10x_tim.o(i.TIM_SetCompare4), (6 bytes).
    Removing stm32f10x_tim.o(i.TIM_SetCounter), (4 bytes).
    Removing stm32f10x_tim.o(i.TIM_TIxExternalClockConfig), (62 bytes).
    Removing stm32f10x_tim.o(i.TIM_TimeBaseStructInit), (18 bytes).
    Removing stm32f10x_tim.o(i.TIM_UpdateDisableConfig), (24 bytes).
    Removing stm32f10x_tim.o(i.TIM_UpdateRequestConfig), (24 bytes).
    Removing stm32f10x_usart.o(i.USART_ClearFlag), (18 bytes).
    Removing stm32f10x_usart.o(i.USART_ClearITPendingBit), (30 bytes).
    Removing stm32f10x_usart.o(i.USART_ClockInit), (34 bytes).
    Removing stm32f10x_usart.o(i.USART_ClockStructInit), (12 bytes).
    Removing stm32f10x_usart.o(i.USART_DMACmd), (18 bytes).
    Removing stm32f10x_usart.o(i.USART_HalfDuplexCmd), (24 bytes).
    Removing stm32f10x_usart.o(i.USART_IrDACmd), (24 bytes).
    Removing stm32f10x_usart.o(i.USART_IrDAConfig), (18 bytes).
    Removing stm32f10x_usart.o(i.USART_LINBreakDetectLengthConfig), (18 bytes).
    Removing stm32f10x_usart.o(i.USART_LINCmd), (24 bytes).
    Removing stm32f10x_usart.o(i.USART_OneBitMethodCmd), (24 bytes).
    Removing stm32f10x_usart.o(i.USART_OverSampling8Cmd), (22 bytes).
    Removing stm32f10x_usart.o(i.USART_ReceiverWakeUpCmd), (24 bytes).
    Removing stm32f10x_usart.o(i.USART_SendBreak), (10 bytes).
    Removing stm32f10x_usart.o(i.USART_SetAddress), (18 bytes).
    Removing stm32f10x_usart.o(i.USART_SetGuardTime), (16 bytes).
    Removing stm32f10x_usart.o(i.USART_SetPrescaler), (16 bytes).
    Removing stm32f10x_usart.o(i.USART_SmartCardCmd), (24 bytes).
    Removing stm32f10x_usart.o(i.USART_SmartCardNACKCmd), (24 bytes).
    Removing stm32f10x_usart.o(i.USART_StructInit), (24 bytes).
    Removing stm32f10x_usart.o(i.USART_WakeUpConfig), (18 bytes).
    Removing stm32f10x_wwdg.o(i.WWDG_ClearFlag), (12 bytes).
    Removing stm32f10x_wwdg.o(i.WWDG_DeInit), (22 bytes).
    Removing stm32f10x_wwdg.o(i.WWDG_Enable), (16 bytes).
    Removing stm32f10x_wwdg.o(i.WWDG_EnableIT), (12 bytes).
    Removing stm32f10x_wwdg.o(i.WWDG_GetFlagStatus), (12 bytes).
    Removing stm32f10x_wwdg.o(i.WWDG_SetCounter), (16 bytes).
    Removing stm32f10x_wwdg.o(i.WWDG_SetPrescaler), (24 bytes).
    Removing stm32f10x_wwdg.o(i.WWDG_SetWindowValue), (40 bytes).
    Removing startup_stm32f10x_hd.o(HEAP), (512 bytes).
    Removing dflti.o(.text), (34 bytes).

476 unused section(s) (total 21026 bytes) removed from the image.

==============================================================================

Image Symbol Table

    Local Symbols

    Symbol Name                              Value     Ov Type        Size  Object(Section)

    ../clib/microlib/division.c              0x00000000   Number         0  uidiv.o ABSOLUTE
    ../clib/microlib/division.c              0x00000000   Number         0  uldiv.o ABSOLUTE
    ../clib/microlib/init/entry.s            0x00000000   Number         0  entry7a.o ABSOLUTE
    ../clib/microlib/init/entry.s            0x00000000   Number         0  entry10a.o ABSOLUTE
    ../clib/microlib/init/entry.s            0x00000000   Number         0  entry11a.o ABSOLUTE
    ../clib/microlib/init/entry.s            0x00000000   Number         0  entry11b.o ABSOLUTE
    ../clib/microlib/init/entry.s            0x00000000   Number         0  entry10b.o ABSOLUTE
    ../clib/microlib/init/entry.s            0x00000000   Number         0  entry7b.o ABSOLUTE
    ../clib/microlib/init/entry.s            0x00000000   Number         0  entry2.o ABSOLUTE
    ../clib/microlib/init/entry.s            0x00000000   Number         0  entry5.o ABSOLUTE
    ../clib/microlib/init/entry.s            0x00000000   Number         0  entry.o ABSOLUTE
    ../clib/microlib/init/entry.s            0x00000000   Number         0  entry8a.o ABSOLUTE
    ../clib/microlib/init/entry.s            0x00000000   Number         0  entry8b.o ABSOLUTE
    ../clib/microlib/init/entry.s            0x00000000   Number         0  entry9a.o ABSOLUTE
    ../clib/microlib/init/entry.s            0x00000000   Number         0  entry9b.o ABSOLUTE
    ../clib/microlib/longlong.c              0x00000000   Number         0  llsshr.o ABSOLUTE
    ../clib/microlib/longlong.c              0x00000000   Number         0  llshl.o ABSOLUTE
    ../clib/microlib/longlong.c              0x00000000   Number         0  llushr.o ABSOLUTE
    ../clib/microlib/printf/printf.c         0x00000000   Number         0  printf6.o ABSOLUTE
    ../clib/microlib/printf/printf.c         0x00000000   Number         0  printf7.o ABSOLUTE
    ../clib/microlib/printf/printf.c         0x00000000   Number         0  printf8.o ABSOLUTE
    ../clib/microlib/printf/printf.c         0x00000000   Number         0  printfa.o ABSOLUTE
    ../clib/microlib/printf/printf.c         0x00000000   Number         0  printf0.o ABSOLUTE
    ../clib/microlib/printf/printf.c         0x00000000   Number         0  printfb.o ABSOLUTE
    ../clib/microlib/printf/printf.c         0x00000000   Number         0  printf3.o ABSOLUTE
    ../clib/microlib/printf/printf.c         0x00000000   Number         0  printf5.o ABSOLUTE
    ../clib/microlib/printf/printf.c         0x00000000   Number         0  printf4.o ABSOLUTE
    ../clib/microlib/printf/printf.c         0x00000000   Number         0  printf2.o ABSOLUTE
    ../clib/microlib/printf/printf.c         0x00000000   Number         0  printf1.o ABSOLUTE
    ../clib/microlib/printf/stubs.s          0x00000000   Number         0  stubs.o ABSOLUTE
    ../clib/microlib/stdio/fputc.c           0x00000000   Number         0  fputc.o ABSOLUTE
    ../clib/microlib/stdio/semi.s            0x00000000   Number         0  semi.o ABSOLUTE
    ../clib/microlib/stdio/streams.c         0x00000000   Number         0  stdout.o ABSOLUTE
    ../clib/microlib/string/strlen.c         0x00000000   Number         0  strlen.o ABSOLUTE
    ../clib/microlib/stubs.s                 0x00000000   Number         0  iusefp.o ABSOLUTE
    ../clib/microlib/stubs.s                 0x00000000   Number         0  iusesemip.o ABSOLUTE
    ../fplib/microlib/fpadd.c                0x00000000   Number         0  dadd.o ABSOLUTE
    ../fplib/microlib/fpdiv.c                0x00000000   Number         0  ddiv.o ABSOLUTE
    ../fplib/microlib/fpepilogue.c           0x00000000   Number         0  depilogue.o ABSOLUTE
    ../fplib/microlib/fpfix.c                0x00000000   Number         0  dfixul.o ABSOLUTE
    ../fplib/microlib/fpflt.c                0x00000000   Number         0  dflti.o ABSOLUTE
    ../fplib/microlib/fpmul.c                0x00000000   Number         0  dmul.o ABSOLUTE
    ..\App\src\bsp_eeprom_24xx.c             0x00000000   Number         0  bsp_eeprom_24xx.o ABSOLUTE
    ..\App\src\communication.c               0x00000000   Number         0  communication.o ABSOLUTE
    ..\App\src\modbus.c                      0x00000000   Number         0  modbus.o ABSOLUTE
    ..\App\src\uc1689uGui.c                  0x00000000   Number         0  uc1689ugui.o ABSOLUTE
    ..\App\src\weigh.c                       0x00000000   Number         0  weigh.o ABSOLUTE
    ..\Bsp\src\bsp.c                         0x00000000   Number         0  bsp.o ABSOLUTE
    ..\Bsp\src\bsp_i2c_gpio.c                0x00000000   Number         0  bsp_i2c_gpio.o ABSOLUTE
    ..\Bsp\src\key.c                         0x00000000   Number         0  key.o ABSOLUTE
    ..\Bsp\src\mbcrc.c                       0x00000000   Number         0  mbcrc.o ABSOLUTE
    ..\Bsp\src\uc1689u.c                     0x00000000   Number         0  uc1689u.o ABSOLUTE
    ..\CM3\src\core_cm3.c                    0x00000000   Number         0  core_cm3.o ABSOLUTE
    ..\CM3\src\system_stm32f10x.c            0x00000000   Number         0  system_stm32f10x.o ABSOLUTE
    ..\CM3\startup\startup_stm32f10x_hd.s    0x00000000   Number         0  startup_stm32f10x_hd.o ABSOLUTE
    ..\STM32F10x_StdPeriph_Lib\src\misc.c    0x00000000   Number         0  misc.o ABSOLUTE
    ..\STM32F10x_StdPeriph_Lib\src\stm32f10x_adc.c 0x00000000   Number         0  stm32f10x_adc.o ABSOLUTE
    ..\STM32F10x_StdPeriph_Lib\src\stm32f10x_bkp.c 0x00000000   Number         0  stm32f10x_bkp.o ABSOLUTE
    ..\STM32F10x_StdPeriph_Lib\src\stm32f10x_can.c 0x00000000   Number         0  stm32f10x_can.o ABSOLUTE
    ..\STM32F10x_StdPeriph_Lib\src\stm32f10x_cec.c 0x00000000   Number         0  stm32f10x_cec.o ABSOLUTE
    ..\STM32F10x_StdPeriph_Lib\src\stm32f10x_crc.c 0x00000000   Number         0  stm32f10x_crc.o ABSOLUTE
    ..\STM32F10x_StdPeriph_Lib\src\stm32f10x_dac.c 0x00000000   Number         0  stm32f10x_dac.o ABSOLUTE
    ..\STM32F10x_StdPeriph_Lib\src\stm32f10x_dbgmcu.c 0x00000000   Number         0  stm32f10x_dbgmcu.o ABSOLUTE
    ..\STM32F10x_StdPeriph_Lib\src\stm32f10x_dma.c 0x00000000   Number         0  stm32f10x_dma.o ABSOLUTE
    ..\STM32F10x_StdPeriph_Lib\src\stm32f10x_exti.c 0x00000000   Number         0  stm32f10x_exti.o ABSOLUTE
    ..\STM32F10x_StdPeriph_Lib\src\stm32f10x_flash.c 0x00000000   Number         0  stm32f10x_flash.o ABSOLUTE
    ..\STM32F10x_StdPeriph_Lib\src\stm32f10x_fsmc.c 0x00000000   Number         0  stm32f10x_fsmc.o ABSOLUTE
    ..\STM32F10x_StdPeriph_Lib\src\stm32f10x_gpio.c 0x00000000   Number         0  stm32f10x_gpio.o ABSOLUTE
    ..\STM32F10x_StdPeriph_Lib\src\stm32f10x_i2c.c 0x00000000   Number         0  stm32f10x_i2c.o ABSOLUTE
    ..\STM32F10x_StdPeriph_Lib\src\stm32f10x_iwdg.c 0x00000000   Number         0  stm32f10x_iwdg.o ABSOLUTE
    ..\STM32F10x_StdPeriph_Lib\src\stm32f10x_pwr.c 0x00000000   Number         0  stm32f10x_pwr.o ABSOLUTE
    ..\STM32F10x_StdPeriph_Lib\src\stm32f10x_rcc.c 0x00000000   Number         0  stm32f10x_rcc.o ABSOLUTE
    ..\STM32F10x_StdPeriph_Lib\src\stm32f10x_rtc.c 0x00000000   Number         0  stm32f10x_rtc.o ABSOLUTE
    ..\STM32F10x_StdPeriph_Lib\src\stm32f10x_sdio.c 0x00000000   Number         0  stm32f10x_sdio.o ABSOLUTE
    ..\STM32F10x_StdPeriph_Lib\src\stm32f10x_spi.c 0x00000000   Number         0  stm32f10x_spi.o ABSOLUTE
    ..\STM32F10x_StdPeriph_Lib\src\stm32f10x_tim.c 0x00000000   Number         0  stm32f10x_tim.o ABSOLUTE
    ..\STM32F10x_StdPeriph_Lib\src\stm32f10x_usart.c 0x00000000   Number         0  stm32f10x_usart.o ABSOLUTE
    ..\STM32F10x_StdPeriph_Lib\src\stm32f10x_wwdg.c 0x00000000   Number         0  stm32f10x_wwdg.o ABSOLUTE
    ..\User\src\main.c                       0x00000000   Number         0  main.o ABSOLUTE
    ..\User\src\stm32f10x_it.c               0x00000000   Number         0  stm32f10x_it.o ABSOLUTE
    ..\\CM3\\src\\core_cm3.c                 0x00000000   Number         0  core_cm3.o ABSOLUTE
    cdrcmple.s                               0x00000000   Number         0  cdrcmple.o ABSOLUTE
    dc.s                                     0x00000000   Number         0  dc.o ABSOLUTE
    handlers.s                               0x00000000   Number         0  handlers.o ABSOLUTE
    init.s                                   0x00000000   Number         0  init.o ABSOLUTE
    RESET                                    0x08000000   Section      304  startup_stm32f10x_hd.o(RESET)
    .ARM.Collect$$$$00000000                 0x08000130   Section        0  entry.o(.ARM.Collect$$$$00000000)
    .ARM.Collect$$$$00000001                 0x08000130   Section        4  entry2.o(.ARM.Collect$$$$00000001)
    .ARM.Collect$$$$00000004                 0x08000134   Section        4  entry5.o(.ARM.Collect$$$$00000004)
    .ARM.Collect$$$$00000008                 0x08000138   Section        0  entry7b.o(.ARM.Collect$$$$00000008)
    .ARM.Collect$$$$0000000A                 0x08000138   Section        0  entry8b.o(.ARM.Collect$$$$0000000A)
    .ARM.Collect$$$$0000000B                 0x08000138   Section        8  entry9a.o(.ARM.Collect$$$$0000000B)
    .ARM.Collect$$$$0000000D                 0x08000140   Section        0  entry10a.o(.ARM.Collect$$$$0000000D)
    .ARM.Collect$$$$0000000F                 0x08000140   Section        0  entry11a.o(.ARM.Collect$$$$0000000F)
    .ARM.Collect$$$$00002712                 0x08000140   Section        4  entry2.o(.ARM.Collect$$$$00002712)
    __lit__00000000                          0x08000140   Data           4  entry2.o(.ARM.Collect$$$$00002712)
    .text                                    0x08000144   Section       36  startup_stm32f10x_hd.o(.text)
    .text                                    0x08000168   Section        0  strlen.o(.text)
    .text                                    0x08000176   Section        0  dmul.o(.text)
    .text                                    0x0800025a   Section        0  uidiv.o(.text)
    .text                                    0x08000286   Section        0  uldiv.o(.text)
    .text                                    0x080002e8   Section        0  depilogue.o(.text)
    .text                                    0x080002e8   Section        0  iusefp.o(.text)
    .text                                    0x080003a2   Section        0  dadd.o(.text)
    .text                                    0x080004f0   Section        0  ddiv.o(.text)
    .text                                    0x080005ce   Section        0  dfixul.o(.text)
    .text                                    0x08000600   Section       48  cdrcmple.o(.text)
    .text                                    0x08000630   Section       36  init.o(.text)
    .text                                    0x08000654   Section        0  llshl.o(.text)
    .text                                    0x08000672   Section        0  llushr.o(.text)
    .text                                    0x08000692   Section        0  llsshr.o(.text)
    i.BspInit                                0x080006b6   Section        0  bsp.o(i.BspInit)
    i.BusFault_Handler                       0x080006d6   Section        0  stm32f10x_it.o(i.BusFault_Handler)
    i.DebugMon_Handler                       0x080006da   Section        0  stm32f10x_it.o(i.DebugMon_Handler)
    i.DisplayDot                             0x080006dc   Section        0  uc1689ugui.o(i.DisplayDot)
    i.DisplayString                          0x080007a4   Section        0  uc1689ugui.o(i.DisplayString)
    i.FSMC_NORSRAMCmd                        0x080007ec   Section        0  stm32f10x_fsmc.o(i.FSMC_NORSRAMCmd)
    i.FSMC_NORSRAMInit                       0x08000820   Section        0  stm32f10x_fsmc.o(i.FSMC_NORSRAMInit)
    i.GPIO_Init                              0x08000906   Section        0  stm32f10x_gpio.o(i.GPIO_Init)
    i.GPIO_ResetBits                         0x08000a1c   Section        0  stm32f10x_gpio.o(i.GPIO_ResetBits)
    i.GPIO_SetBits                           0x08000a20   Section        0  stm32f10x_gpio.o(i.GPIO_SetBits)
    i.GetSysTimer                            0x08000a24   Section        0  bsp.o(i.GetSysTimer)
    i.HardFault_Handler                      0x08000a30   Section        0  stm32f10x_it.o(i.HardFault_Handler)
    i.ILI9342C_TM23_Initial                  0x08000a34   Section        0  uc1689u.o(i.ILI9342C_TM23_Initial)
    i.IoInit                                 0x08000b54   Section        0  bsp.o(i.IoInit)
    i.LCD_CtrlLinesConfig                    0x08000c28   Section        0  uc1689u.o(i.LCD_CtrlLinesConfig)
    LCD_CtrlLinesConfig                      0x08000c29   Thumb Code   144  uc1689u.o(i.LCD_CtrlLinesConfig)
    i.LCD_FSMCConfig                         0x08000cc8   Section        0  uc1689u.o(i.LCD_FSMCConfig)
    LCD_FSMCConfig                           0x08000cc9   Thumb Code   116  uc1689u.o(i.LCD_FSMCConfig)
    i.LCD_ILI9342C_CMD                       0x08000d3c   Section        0  uc1689u.o(i.LCD_ILI9342C_CMD)
    LCD_ILI9342C_CMD                         0x08000d3d   Thumb Code     8  uc1689u.o(i.LCD_ILI9342C_CMD)
    i.LCD_ILI9342C_Parameter                 0x08000d44   Section        0  uc1689u.o(i.LCD_ILI9342C_Parameter)
    LCD_ILI9342C_Parameter                   0x08000d45   Thumb Code     6  uc1689u.o(i.LCD_ILI9342C_Parameter)
    i.LCD_Init                               0x08000d50   Section        0  uc1689u.o(i.LCD_Init)
    i.LCD_SetAddress                         0x08000d6c   Section        0  uc1689u.o(i.LCD_SetAddress)
    i.Lcd_PutPixel                           0x08000dac   Section        0  uc1689u.o(i.Lcd_PutPixel)
    i.MemManage_Handler                      0x08000ea8   Section        0  stm32f10x_it.o(i.MemManage_Handler)
    i.ModBusFuc                              0x08000eac   Section        0  modbus.o(i.ModBusFuc)
    ModBusFuc                                0x08000ead   Thumb Code    48  modbus.o(i.ModBusFuc)
    i.ModBusFuc03                            0x08000ee4   Section        0  modbus.o(i.ModBusFuc03)
    ModBusFuc03                              0x08000ee5   Thumb Code   206  modbus.o(i.ModBusFuc03)
    i.ModBusFuc16                            0x08000fc8   Section        0  modbus.o(i.ModBusFuc16)
    ModBusFuc16                              0x08000fc9   Thumb Code   234  modbus.o(i.ModBusFuc16)
    i.ModBusRp                               0x080010c8   Section        0  modbus.o(i.ModBusRp)
    ModBusRp                                 0x080010c9   Thumb Code    92  modbus.o(i.ModBusRp)
    i.ModBusRun                              0x08001134   Section        0  modbus.o(i.ModBusRun)
    i.NMI_Handler                            0x08001240   Section        0  stm32f10x_it.o(i.NMI_Handler)
    i.NVIC_Configuration                     0x08001242   Section        0  bsp.o(i.NVIC_Configuration)
    i.NVIC_Init                              0x08001280   Section        0  misc.o(i.NVIC_Init)
    i.NVIC_PriorityGroupConfig               0x080012f0   Section        0  misc.o(i.NVIC_PriorityGroupConfig)
    i.PendSV_Handler                         0x08001304   Section        0  stm32f10x_it.o(i.PendSV_Handler)
    i.RCC_AHBPeriphClockCmd                  0x08001308   Section        0  stm32f10x_rcc.o(i.RCC_AHBPeriphClockCmd)
    i.RCC_APB1PeriphResetCmd                 0x08001328   Section        0  stm32f10x_rcc.o(i.RCC_APB1PeriphResetCmd)
    i.RCC_APB2PeriphClockCmd                 0x08001348   Section        0  stm32f10x_rcc.o(i.RCC_APB2PeriphClockCmd)
    i.RCC_APB2PeriphResetCmd                 0x08001368   Section        0  stm32f10x_rcc.o(i.RCC_APB2PeriphResetCmd)
    i.RCC_GetClocksFreq                      0x08001388   Section        0  stm32f10x_rcc.o(i.RCC_GetClocksFreq)
    i.SVC_Handler                            0x0800145c   Section        0  stm32f10x_it.o(i.SVC_Handler)
    i.SetFont                                0x08001460   Section        0  uc1689ugui.o(i.SetFont)
    i.SetSysClock                            0x0800146c   Section        0  system_stm32f10x.o(i.SetSysClock)
    SetSysClock                              0x0800146d   Thumb Code     8  system_stm32f10x.o(i.SetSysClock)
    i.SetSysClockTo72                        0x08001474   Section        0  system_stm32f10x.o(i.SetSysClockTo72)
    SetSysClockTo72                          0x08001475   Thumb Code   214  system_stm32f10x.o(i.SetSysClockTo72)
    i.SysTick_Handler                        0x08001554   Section        0  stm32f10x_it.o(i.SysTick_Handler)
    i.SystemInit                             0x080015a8   Section        0  system_stm32f10x.o(i.SystemInit)
    i.TI1_Config                             0x08001608   Section        0  stm32f10x_tim.o(i.TI1_Config)
    TI1_Config                               0x08001609   Thumb Code   108  stm32f10x_tim.o(i.TI1_Config)
    i.TI2_Config                             0x08001688   Section        0  stm32f10x_tim.o(i.TI2_Config)
    TI2_Config                               0x08001689   Thumb Code   130  stm32f10x_tim.o(i.TI2_Config)
    i.TI3_Config                             0x08001720   Section        0  stm32f10x_tim.o(i.TI3_Config)
    TI3_Config                               0x08001721   Thumb Code   122  stm32f10x_tim.o(i.TI3_Config)
    i.TI4_Config                             0x080017b0   Section        0  stm32f10x_tim.o(i.TI4_Config)
    TI4_Config                               0x080017b1   Thumb Code   130  stm32f10x_tim.o(i.TI4_Config)
    i.TIM_Cmd                                0x08001848   Section        0  stm32f10x_tim.o(i.TIM_Cmd)
    i.TIM_ICInit                             0x08001860   Section        0  stm32f10x_tim.o(i.TIM_ICInit)
    i.TIM_ITConfig                           0x0800190c   Section        0  stm32f10x_tim.o(i.TIM_ITConfig)
    i.TIM_SetIC1Prescaler                    0x0800191e   Section        0  stm32f10x_tim.o(i.TIM_SetIC1Prescaler)
    i.TIM_SetIC2Prescaler                    0x08001930   Section        0  stm32f10x_tim.o(i.TIM_SetIC2Prescaler)
    i.TIM_SetIC3Prescaler                    0x0800194a   Section        0  stm32f10x_tim.o(i.TIM_SetIC3Prescaler)
    i.TIM_SetIC4Prescaler                    0x0800195c   Section        0  stm32f10x_tim.o(i.TIM_SetIC4Prescaler)
    i.TIM_TimeBaseInit                       0x08001978   Section        0  stm32f10x_tim.o(i.TIM_TimeBaseInit)
    i.Timer8Init                             0x08001a1c   Section        0  bsp.o(i.Timer8Init)
    i.USART1_IRQHandler                      0x08001a84   Section        0  stm32f10x_it.o(i.USART1_IRQHandler)
    i.USART1_SendArray                       0x08001b38   Section        0  bsp.o(i.USART1_SendArray)
    i.USART_Cmd                              0x08001b9c   Section        0  stm32f10x_usart.o(i.USART_Cmd)
    i.USART_DeInit                           0x08001bb4   Section        0  stm32f10x_usart.o(i.USART_DeInit)
    i.USART_GetFlagStatus                    0x08001c50   Section        0  stm32f10x_usart.o(i.USART_GetFlagStatus)
    i.USART_GetITStatus                      0x08001c6a   Section        0  stm32f10x_usart.o(i.USART_GetITStatus)
    i.USART_ITConfig                         0x08001cbe   Section        0  stm32f10x_usart.o(i.USART_ITConfig)
    i.USART_Init                             0x08001d08   Section        0  stm32f10x_usart.o(i.USART_Init)
    i.USART_ReceiveData                      0x08001de0   Section        0  stm32f10x_usart.o(i.USART_ReceiveData)
    i.USART_SendData                         0x08001dea   Section        0  stm32f10x_usart.o(i.USART_SendData)
    i.UsageFault_Handler                     0x08001df2   Section        0  stm32f10x_it.o(i.UsageFault_Handler)
    i.UsartInit                              0x08001df8   Section        0  bsp.o(i.UsartInit)
    i.WeighInit                              0x08001e50   Section        0  weigh.o(i.WeighInit)
    i.__0sprintf                             0x08001e54   Section        0  printfa.o(i.__0sprintf)
    i.__scatterload_copy                     0x08001e7c   Section       14  handlers.o(i.__scatterload_copy)
    i.__scatterload_null                     0x08001e8a   Section        2  handlers.o(i.__scatterload_null)
    i.__scatterload_zeroinit                 0x08001e8c   Section       14  handlers.o(i.__scatterload_zeroinit)
    i._fp_digits                             0x08001e9c   Section        0  printfa.o(i._fp_digits)
    _fp_digits                               0x08001e9d   Thumb Code   366  printfa.o(i._fp_digits)
    i._printf_core                           0x08002020   Section        0  printfa.o(i._printf_core)
    _printf_core                             0x08002021   Thumb Code  1744  printfa.o(i._printf_core)
    i._printf_post_padding                   0x080026fc   Section        0  printfa.o(i._printf_post_padding)
    _printf_post_padding                     0x080026fd   Thumb Code    36  printfa.o(i._printf_post_padding)
    i._printf_pre_padding                    0x08002720   Section        0  printfa.o(i._printf_pre_padding)
    _printf_pre_padding                      0x08002721   Thumb Code    46  printfa.o(i._printf_pre_padding)
    i._sputc                                 0x0800274e   Section        0  printfa.o(i._sputc)
    _sputc                                   0x0800274f   Thumb Code    10  printfa.o(i._sputc)
    i.clear_screen                           0x08002758   Section        0  uc1689u.o(i.clear_screen)
    i.delay                                  0x08002788   Section        0  uc1689u.o(i.delay)
    delay                                    0x08002789   Thumb Code    12  uc1689u.o(i.delay)
    i.i2c_Delay                              0x08002794   Section        0  bsp_i2c_gpio.o(i.i2c_Delay)
    i2c_Delay                                0x08002795   Thumb Code    14  bsp_i2c_gpio.o(i.i2c_Delay)
    i.i2c_Init                               0x080027a2   Section        0  bsp_i2c_gpio.o(i.i2c_Init)
    i.i2c_Stop                               0x080027ac   Section        0  bsp_i2c_gpio.o(i.i2c_Stop)
    i.main                                   0x080027d0   Section        0  main.o(i.main)
    i.usMBCRC16                              0x0800289c   Section        0  mbcrc.o(i.usMBCRC16)
    .constdata                               0x080028d4   Section     9134  uc1689ugui.o(.constdata)
    .constdata                               0x08004c82   Section      512  mbcrc.o(.constdata)
    aucCRCHi                                 0x08004c82   Data         256  mbcrc.o(.constdata)
    aucCRCLo                                 0x08004d82   Data         256  mbcrc.o(.constdata)
    .data                                    0x20000000   Section       24  main.o(.data)
    .data                                    0x20000018   Section       29  stm32f10x_it.o(.data)
    test                                     0x20000030   Data           4  stm32f10x_it.o(.data)
    len                                      0x20000034   Data           1  stm32f10x_it.o(.data)
    .data                                    0x20000035   Section        4  modbus.o(.data)
    .data                                    0x2000003c   Section       76  uc1689ugui.o(.data)
    .data                                    0x20000088   Section        2  uc1689u.o(.data)
    .data                                    0x2000008c   Section       20  system_stm32f10x.o(.data)
    .data                                    0x200000a0   Section       20  stm32f10x_rcc.o(.data)
    APBAHBPrescTable                         0x200000a0   Data          16  stm32f10x_rcc.o(.data)
    ADCPrescTable                            0x200000b0   Data           4  stm32f10x_rcc.o(.data)
    .bss                                     0x200000b4   Section       50  main.o(.bss)
    .bss                                     0x200000e6   Section      100  stm32f10x_it.o(.bss)
    Res                                      0x200000e6   Data         100  stm32f10x_it.o(.bss)
    .bss                                     0x2000014a   Section      214  modbus.o(.bss)
    .bss                                     0x20000220   Section    17280  uc1689u.o(.bss)
    STACK                                    0x200045a0   Section     1024  startup_stm32f10x_hd.o(STACK)

    Global Symbols

    Symbol Name                              Value     Ov Type        Size  Object(Section)

    BuildAttributes$$THM_ISAv4$P$D$K$B$S$PE$A:L22UL41UL21$X:L11$S22US41US21$IEEE1$IW$USESV6$~STKCKD$USESV7$~SHL$OSPACE$ROPI$EBA8$MICROLIB$REQ8$PRES8$EABIv2 0x00000000   Number         0  anon$$obj.o ABSOLUTE
    __ARM_use_no_argv                        0x00000000   Number         0  main.o ABSOLUTE
    _printf_a                                0x00000000   Number         0  stubs.o ABSOLUTE
    _printf_c                                0x00000000   Number         0  stubs.o ABSOLUTE
    _printf_charcount                        0x00000000   Number         0  stubs.o ABSOLUTE
    _printf_d                                0x00000000   Number         0  stubs.o ABSOLUTE
    _printf_e                                0x00000000   Number         0  stubs.o ABSOLUTE
    _printf_f                                0x00000000   Number         0  stubs.o ABSOLUTE
    _printf_flags                            0x00000000   Number         0  stubs.o ABSOLUTE
    _printf_fp_dec                           0x00000000   Number         0  stubs.o ABSOLUTE
    _printf_fp_hex                           0x00000000   Number         0  stubs.o ABSOLUTE
    _printf_g                                0x00000000   Number         0  stubs.o ABSOLUTE
    _printf_i                                0x00000000   Number         0  stubs.o ABSOLUTE
    _printf_int_dec                          0x00000000   Number         0  stubs.o ABSOLUTE
    _printf_l                                0x00000000   Number         0  stubs.o ABSOLUTE
    _printf_lc                               0x00000000   Number         0  stubs.o ABSOLUTE
    _printf_ll                               0x00000000   Number         0  stubs.o ABSOLUTE
    _printf_lld                              0x00000000   Number         0  stubs.o ABSOLUTE
    _printf_lli                              0x00000000   Number         0  stubs.o ABSOLUTE
    _printf_llo                              0x00000000   Number         0  stubs.o ABSOLUTE
    _printf_llu                              0x00000000   Number         0  stubs.o ABSOLUTE
    _printf_llx                              0x00000000   Number         0  stubs.o ABSOLUTE
    _printf_longlong_dec                     0x00000000   Number         0  stubs.o ABSOLUTE
    _printf_longlong_hex                     0x00000000   Number         0  stubs.o ABSOLUTE
    _printf_longlong_oct                     0x00000000   Number         0  stubs.o ABSOLUTE
    _printf_ls                               0x00000000   Number         0  stubs.o ABSOLUTE
    _printf_mbtowc                           0x00000000   Number         0  stubs.o ABSOLUTE
    _printf_n                                0x00000000   Number         0  stubs.o ABSOLUTE
    _printf_o                                0x00000000   Number         0  stubs.o ABSOLUTE
    _printf_p                                0x00000000   Number         0  stubs.o ABSOLUTE
    _printf_percent                          0x00000000   Number         0  stubs.o ABSOLUTE
    _printf_pre_padding                      0x00000000   Number         0  stubs.o ABSOLUTE
    _printf_return_value                     0x00000000   Number         0  stubs.o ABSOLUTE
    _printf_s                                0x00000000   Number         0  stubs.o ABSOLUTE
    _printf_sizespec                         0x00000000   Number         0  stubs.o ABSOLUTE
    _printf_str                              0x00000000   Number         0  stubs.o ABSOLUTE
    _printf_truncate_signed                  0x00000000   Number         0  stubs.o ABSOLUTE
    _printf_truncate_unsigned                0x00000000   Number         0  stubs.o ABSOLUTE
    _printf_u                                0x00000000   Number         0  stubs.o ABSOLUTE
    _printf_wc                               0x00000000   Number         0  stubs.o ABSOLUTE
    _printf_wctomb                           0x00000000   Number         0  stubs.o ABSOLUTE
    _printf_widthprec                        0x00000000   Number         0  stubs.o ABSOLUTE
    _printf_x                                0x00000000   Number         0  stubs.o ABSOLUTE
    __cpp_initialize__aeabi_                  - Undefined Weak Reference
    __cxa_finalize                            - Undefined Weak Reference
    __decompress                              - Undefined Weak Reference
    _clock_init                               - Undefined Weak Reference
    _microlib_exit                            - Undefined Weak Reference
    __Vectors_Size                           0x00000130   Number         0  startup_stm32f10x_hd.o ABSOLUTE
    __Vectors                                0x08000000   Data           4  startup_stm32f10x_hd.o(RESET)
    __Vectors_End                            0x08000130   Data           0  startup_stm32f10x_hd.o(RESET)
    __main                                   0x08000131   Thumb Code     0  entry.o(.ARM.Collect$$$$00000000)
    _main_stk                                0x08000131   Thumb Code     0  entry2.o(.ARM.Collect$$$$00000001)
    _main_scatterload                        0x08000135   Thumb Code     0  entry5.o(.ARM.Collect$$$$00000004)
    __main_after_scatterload                 0x08000139   Thumb Code     0  entry5.o(.ARM.Collect$$$$00000004)
    _main_clock                              0x08000139   Thumb Code     0  entry7b.o(.ARM.Collect$$$$00000008)
    _main_cpp_init                           0x08000139   Thumb Code     0  entry8b.o(.ARM.Collect$$$$0000000A)
    _main_init                               0x08000139   Thumb Code     0  entry9a.o(.ARM.Collect$$$$0000000B)
    __rt_final_cpp                           0x08000141   Thumb Code     0  entry10a.o(.ARM.Collect$$$$0000000D)
    __rt_final_exit                          0x08000141   Thumb Code     0  entry11a.o(.ARM.Collect$$$$0000000F)
    Reset_Handler                            0x08000145   Thumb Code     8  startup_stm32f10x_hd.o(.text)
    ADC1_2_IRQHandler                        0x0800015f   Thumb Code     0  startup_stm32f10x_hd.o(.text)
    ADC3_IRQHandler                          0x0800015f   Thumb Code     0  startup_stm32f10x_hd.o(.text)
    CAN1_RX1_IRQHandler                      0x0800015f   Thumb Code     0  startup_stm32f10x_hd.o(.text)
    CAN1_SCE_IRQHandler                      0x0800015f   Thumb Code     0  startup_stm32f10x_hd.o(.text)
    DMA1_Channel1_IRQHandler                 0x0800015f   Thumb Code     0  startup_stm32f10x_hd.o(.text)
    DMA1_Channel2_IRQHandler                 0x0800015f   Thumb Code     0  startup_stm32f10x_hd.o(.text)
    DMA1_Channel3_IRQHandler                 0x0800015f   Thumb Code     0  startup_stm32f10x_hd.o(.text)
    DMA1_Channel4_IRQHandler                 0x0800015f   Thumb Code     0  startup_stm32f10x_hd.o(.text)
    DMA1_Channel5_IRQHandler                 0x0800015f   Thumb Code     0  startup_stm32f10x_hd.o(.text)
    DMA1_Channel6_IRQHandler                 0x0800015f   Thumb Code     0  startup_stm32f10x_hd.o(.text)
    DMA1_Channel7_IRQHandler                 0x0800015f   Thumb Code     0  startup_stm32f10x_hd.o(.text)
    DMA2_Channel1_IRQHandler                 0x0800015f   Thumb Code     0  startup_stm32f10x_hd.o(.text)
    DMA2_Channel2_IRQHandler                 0x0800015f   Thumb Code     0  startup_stm32f10x_hd.o(.text)
    DMA2_Channel3_IRQHandler                 0x0800015f   Thumb Code     0  startup_stm32f10x_hd.o(.text)
    DMA2_Channel4_5_IRQHandler               0x0800015f   Thumb Code     0  startup_stm32f10x_hd.o(.text)
    EXTI0_IRQHandler                         0x0800015f   Thumb Code     0  startup_stm32f10x_hd.o(.text)
    EXTI15_10_IRQHandler                     0x0800015f   Thumb Code     0  startup_stm32f10x_hd.o(.text)
    EXTI1_IRQHandler                         0x0800015f   Thumb Code     0  startup_stm32f10x_hd.o(.text)
    EXTI2_IRQHandler                         0x0800015f   Thumb Code     0  startup_stm32f10x_hd.o(.text)
    EXTI3_IRQHandler                         0x0800015f   Thumb Code     0  startup_stm32f10x_hd.o(.text)
    EXTI4_IRQHandler                         0x0800015f   Thumb Code     0  startup_stm32f10x_hd.o(.text)
    EXTI9_5_IRQHandler                       0x0800015f   Thumb Code     0  startup_stm32f10x_hd.o(.text)
    FLASH_IRQHandler                         0x0800015f   Thumb Code     0  startup_stm32f10x_hd.o(.text)
    FSMC_IRQHandler                          0x0800015f   Thumb Code     0  startup_stm32f10x_hd.o(.text)
    I2C1_ER_IRQHandler                       0x0800015f   Thumb Code     0  startup_stm32f10x_hd.o(.text)
    I2C1_EV_IRQHandler                       0x0800015f   Thumb Code     0  startup_stm32f10x_hd.o(.text)
    I2C2_ER_IRQHandler                       0x0800015f   Thumb Code     0  startup_stm32f10x_hd.o(.text)
    I2C2_EV_IRQHandler                       0x0800015f   Thumb Code     0  startup_stm32f10x_hd.o(.text)
    PVD_IRQHandler                           0x0800015f   Thumb Code     0  startup_stm32f10x_hd.o(.text)
    RCC_IRQHandler                           0x0800015f   Thumb Code     0  startup_stm32f10x_hd.o(.text)
    RTCAlarm_IRQHandler                      0x0800015f   Thumb Code     0  startup_stm32f10x_hd.o(.text)
    RTC_IRQHandler                           0x0800015f   Thumb Code     0  startup_stm32f10x_hd.o(.text)
    SDIO_IRQHandler                          0x0800015f   Thumb Code     0  startup_stm32f10x_hd.o(.text)
    SPI1_IRQHandler                          0x0800015f   Thumb Code     0  startup_stm32f10x_hd.o(.text)
    SPI2_IRQHandler                          0x0800015f   Thumb Code     0  startup_stm32f10x_hd.o(.text)
    SPI3_IRQHandler                          0x0800015f   Thumb Code     0  startup_stm32f10x_hd.o(.text)
    TAMPER_IRQHandler                        0x0800015f   Thumb Code     0  startup_stm32f10x_hd.o(.text)
    TIM1_BRK_IRQHandler                      0x0800015f   Thumb Code     0  startup_stm32f10x_hd.o(.text)
    TIM1_CC_IRQHandler                       0x0800015f   Thumb Code     0  startup_stm32f10x_hd.o(.text)
    TIM1_TRG_COM_IRQHandler                  0x0800015f   Thumb Code     0  startup_stm32f10x_hd.o(.text)
    TIM1_UP_IRQHandler                       0x0800015f   Thumb Code     0  startup_stm32f10x_hd.o(.text)
    TIM2_IRQHandler                          0x0800015f   Thumb Code     0  startup_stm32f10x_hd.o(.text)
    TIM3_IRQHandler                          0x0800015f   Thumb Code     0  startup_stm32f10x_hd.o(.text)
    TIM4_IRQHandler                          0x0800015f   Thumb Code     0  startup_stm32f10x_hd.o(.text)
    TIM5_IRQHandler                          0x0800015f   Thumb Code     0  startup_stm32f10x_hd.o(.text)
    TIM6_IRQHandler                          0x0800015f   Thumb Code     0  startup_stm32f10x_hd.o(.text)
    TIM7_IRQHandler                          0x0800015f   Thumb Code     0  startup_stm32f10x_hd.o(.text)
    TIM8_BRK_IRQHandler                      0x0800015f   Thumb Code     0  startup_stm32f10x_hd.o(.text)
    TIM8_CC_IRQHandler                       0x0800015f   Thumb Code     0  startup_stm32f10x_hd.o(.text)
    TIM8_TRG_COM_IRQHandler                  0x0800015f   Thumb Code     0  startup_stm32f10x_hd.o(.text)
    TIM8_UP_IRQHandler                       0x0800015f   Thumb Code     0  startup_stm32f10x_hd.o(.text)
    UART4_IRQHandler                         0x0800015f   Thumb Code     0  startup_stm32f10x_hd.o(.text)
    UART5_IRQHandler                         0x0800015f   Thumb Code     0  startup_stm32f10x_hd.o(.text)
    USART2_IRQHandler                        0x0800015f   Thumb Code     0  startup_stm32f10x_hd.o(.text)
    USART3_IRQHandler                        0x0800015f   Thumb Code     0  startup_stm32f10x_hd.o(.text)
    USBWakeUp_IRQHandler                     0x0800015f   Thumb Code     0  startup_stm32f10x_hd.o(.text)
    USB_HP_CAN1_TX_IRQHandler                0x0800015f   Thumb Code     0  startup_stm32f10x_hd.o(.text)
    USB_LP_CAN1_RX0_IRQHandler               0x0800015f   Thumb Code     0  startup_stm32f10x_hd.o(.text)
    WWDG_IRQHandler                          0x0800015f   Thumb Code     0  startup_stm32f10x_hd.o(.text)
    strlen                                   0x08000169   Thumb Code    14  strlen.o(.text)
    __aeabi_dmul                             0x08000177   Thumb Code   228  dmul.o(.text)
    __aeabi_uidiv                            0x0800025b   Thumb Code     0  uidiv.o(.text)
    __aeabi_uidivmod                         0x0800025b   Thumb Code    44  uidiv.o(.text)
    __aeabi_uldivmod                         0x08000287   Thumb Code    98  uldiv.o(.text)
    __I$use$fp                               0x080002e9   Thumb Code     0  iusefp.o(.text)
    _double_round                            0x080002e9   Thumb Code    30  depilogue.o(.text)
    _double_epilogue                         0x08000307   Thumb Code   156  depilogue.o(.text)
    __aeabi_dadd                             0x080003a3   Thumb Code   322  dadd.o(.text)
    __aeabi_dsub                             0x080004e5   Thumb Code     6  dadd.o(.text)
    __aeabi_drsub                            0x080004eb   Thumb Code     6  dadd.o(.text)
    __aeabi_ddiv                             0x080004f1   Thumb Code   222  ddiv.o(.text)
    __aeabi_d2ulz                            0x080005cf   Thumb Code    48  dfixul.o(.text)
    __aeabi_cdrcmple                         0x08000601   Thumb Code    48  cdrcmple.o(.text)
    __scatterload                            0x08000631   Thumb Code    28  init.o(.text)
    __scatterload_rt2                        0x08000631   Thumb Code     0  init.o(.text)
    __aeabi_llsl                             0x08000655   Thumb Code    30  llshl.o(.text)
    _ll_shift_l                              0x08000655   Thumb Code     0  llshl.o(.text)
    __aeabi_llsr                             0x08000673   Thumb Code    32  llushr.o(.text)
    _ll_ushift_r                             0x08000673   Thumb Code     0  llushr.o(.text)
    __aeabi_lasr                             0x08000693   Thumb Code    36  llsshr.o(.text)
    _ll_sshift_r                             0x08000693   Thumb Code     0  llsshr.o(.text)
    BspInit                                  0x080006b7   Thumb Code    32  bsp.o(i.BspInit)
    BusFault_Handler                         0x080006d7   Thumb Code     4  stm32f10x_it.o(i.BusFault_Handler)
    DebugMon_Handler                         0x080006db   Thumb Code     2  stm32f10x_it.o(i.DebugMon_Handler)
    DisplayDot                               0x080006dd   Thumb Code   190  uc1689ugui.o(i.DisplayDot)
    DisplayString                            0x080007a5   Thumb Code    64  uc1689ugui.o(i.DisplayString)
    FSMC_NORSRAMCmd                          0x080007ed   Thumb Code    46  stm32f10x_fsmc.o(i.FSMC_NORSRAMCmd)
    FSMC_NORSRAMInit                         0x08000821   Thumb Code   230  stm32f10x_fsmc.o(i.FSMC_NORSRAMInit)
    GPIO_Init                                0x08000907   Thumb Code   278  stm32f10x_gpio.o(i.GPIO_Init)
    GPIO_ResetBits                           0x08000a1d   Thumb Code     4  stm32f10x_gpio.o(i.GPIO_ResetBits)
    GPIO_SetBits                             0x08000a21   Thumb Code     4  stm32f10x_gpio.o(i.GPIO_SetBits)
    GetSysTimer                              0x08000a25   Thumb Code     6  bsp.o(i.GetSysTimer)
    HardFault_Handler                        0x08000a31   Thumb Code     4  stm32f10x_it.o(i.HardFault_Handler)
    ILI9342C_TM23_Initial                    0x08000a35   Thumb Code   280  uc1689u.o(i.ILI9342C_TM23_Initial)
    IoInit                                   0x08000b55   Thumb Code   194  bsp.o(i.IoInit)
    LCD_Init                                 0x08000d51   Thumb Code    28  uc1689u.o(i.LCD_Init)
    LCD_SetAddress                           0x08000d6d   Thumb Code    64  uc1689u.o(i.LCD_SetAddress)
    Lcd_PutPixel                             0x08000dad   Thumb Code   244  uc1689u.o(i.Lcd_PutPixel)
    MemManage_Handler                        0x08000ea9   Thumb Code     4  stm32f10x_it.o(i.MemManage_Handler)
    ModBusRun                                0x08001135   Thumb Code   254  modbus.o(i.ModBusRun)
    NMI_Handler                              0x08001241   Thumb Code     2  stm32f10x_it.o(i.NMI_Handler)
    NVIC_Configuration                       0x08001243   Thumb Code    62  bsp.o(i.NVIC_Configuration)
    NVIC_Init                                0x08001281   Thumb Code   100  misc.o(i.NVIC_Init)
    NVIC_PriorityGroupConfig                 0x080012f1   Thumb Code    10  misc.o(i.NVIC_PriorityGroupConfig)
    PendSV_Handler                           0x08001305   Thumb Code     2  stm32f10x_it.o(i.PendSV_Handler)
    RCC_AHBPeriphClockCmd                    0x08001309   Thumb Code    26  stm32f10x_rcc.o(i.RCC_AHBPeriphClockCmd)
    RCC_APB1PeriphResetCmd                   0x08001329   Thumb Code    26  stm32f10x_rcc.o(i.RCC_APB1PeriphResetCmd)
    RCC_APB2PeriphClockCmd                   0x08001349   Thumb Code    26  stm32f10x_rcc.o(i.RCC_APB2PeriphClockCmd)
    RCC_APB2PeriphResetCmd                   0x08001369   Thumb Code    26  stm32f10x_rcc.o(i.RCC_APB2PeriphResetCmd)
    RCC_GetClocksFreq                        0x08001389   Thumb Code   192  stm32f10x_rcc.o(i.RCC_GetClocksFreq)
    SVC_Handler                              0x0800145d   Thumb Code     2  stm32f10x_it.o(i.SVC_Handler)
    SetFont                                  0x08001461   Thumb Code     6  uc1689ugui.o(i.SetFont)
    SysTick_Handler                          0x08001555   Thumb Code    72  stm32f10x_it.o(i.SysTick_Handler)
    SystemInit                               0x080015a9   Thumb Code    78  system_stm32f10x.o(i.SystemInit)
    TIM_Cmd                                  0x08001849   Thumb Code    24  stm32f10x_tim.o(i.TIM_Cmd)
    TIM_ICInit                               0x08001861   Thumb Code   150  stm32f10x_tim.o(i.TIM_ICInit)
    TIM_ITConfig                             0x0800190d   Thumb Code    18  stm32f10x_tim.o(i.TIM_ITConfig)
    TIM_SetIC1Prescaler                      0x0800191f   Thumb Code    18  stm32f10x_tim.o(i.TIM_SetIC1Prescaler)
    TIM_SetIC2Prescaler                      0x08001931   Thumb Code    26  stm32f10x_tim.o(i.TIM_SetIC2Prescaler)
    TIM_SetIC3Prescaler                      0x0800194b   Thumb Code    18  stm32f10x_tim.o(i.TIM_SetIC3Prescaler)
    TIM_SetIC4Prescaler                      0x0800195d   Thumb Code    26  stm32f10x_tim.o(i.TIM_SetIC4Prescaler)
    TIM_TimeBaseInit                         0x08001979   Thumb Code   122  stm32f10x_tim.o(i.TIM_TimeBaseInit)
    Timer8Init                               0x08001a1d   Thumb Code   100  bsp.o(i.Timer8Init)
    USART1_IRQHandler                        0x08001a85   Thumb Code   160  stm32f10x_it.o(i.USART1_IRQHandler)
    USART1_SendArray                         0x08001b39   Thumb Code    90  bsp.o(i.USART1_SendArray)
    USART_Cmd                                0x08001b9d   Thumb Code    24  stm32f10x_usart.o(i.USART_Cmd)
    USART_DeInit                             0x08001bb5   Thumb Code   134  stm32f10x_usart.o(i.USART_DeInit)
    USART_GetFlagStatus                      0x08001c51   Thumb Code    26  stm32f10x_usart.o(i.USART_GetFlagStatus)
    USART_GetITStatus                        0x08001c6b   Thumb Code    84  stm32f10x_usart.o(i.USART_GetITStatus)
    USART_ITConfig                           0x08001cbf   Thumb Code    74  stm32f10x_usart.o(i.USART_ITConfig)
    USART_Init                               0x08001d09   Thumb Code   210  stm32f10x_usart.o(i.USART_Init)
    USART_ReceiveData                        0x08001de1   Thumb Code    10  stm32f10x_usart.o(i.USART_ReceiveData)
    USART_SendData                           0x08001deb   Thumb Code     8  stm32f10x_usart.o(i.USART_SendData)
    UsageFault_Handler                       0x08001df3   Thumb Code     4  stm32f10x_it.o(i.UsageFault_Handler)
    UsartInit                                0x08001df9   Thumb Code    82  bsp.o(i.UsartInit)
    WeighInit                                0x08001e51   Thumb Code     2  weigh.o(i.WeighInit)
    __0sprintf                               0x08001e55   Thumb Code    34  printfa.o(i.__0sprintf)
    __1sprintf                               0x08001e55   Thumb Code     0  printfa.o(i.__0sprintf)
    __2sprintf                               0x08001e55   Thumb Code     0  printfa.o(i.__0sprintf)
    __c89sprintf                             0x08001e55   Thumb Code     0  printfa.o(i.__0sprintf)
    sprintf                                  0x08001e55   Thumb Code     0  printfa.o(i.__0sprintf)
    __scatterload_copy                       0x08001e7d   Thumb Code    14  handlers.o(i.__scatterload_copy)
    __scatterload_null                       0x08001e8b   Thumb Code     2  handlers.o(i.__scatterload_null)
    __scatterload_zeroinit                   0x08001e8d   Thumb Code    14  handlers.o(i.__scatterload_zeroinit)
    clear_screen                             0x08002759   Thumb Code    48  uc1689u.o(i.clear_screen)
    i2c_Init                                 0x080027a3   Thumb Code     8  bsp_i2c_gpio.o(i.i2c_Init)
    i2c_Stop                                 0x080027ad   Thumb Code    28  bsp_i2c_gpio.o(i.i2c_Stop)
    main                                     0x080027d1   Thumb Code   162  main.o(i.main)
    usMBCRC16                                0x0800289d   Thumb Code    48  mbcrc.o(i.usMBCRC16)
    hzIndex                                  0x080028d4   Data         204  uc1689ugui.o(.constdata)
    hzdot                                    0x080029a0   Data        3264  uc1689ugui.o(.constdata)
    hz1624                                   0x08003660   Data         528  uc1689ugui.o(.constdata)
    hz1616                                   0x08003870   Data          32  uc1689ugui.o(.constdata)
    hz1414                                   0x08003890   Data          48  uc1689ugui.o(.constdata)
    hz1212                                   0x080038c0   Data          48  uc1689ugui.o(.constdata)
    ascii816                                 0x080038f0   Data        1520  uc1689ugui.o(.constdata)
    ascii814                                 0x08003ee0   Data        1330  uc1689ugui.o(.constdata)
    ascii812                                 0x08004412   Data        1140  uc1689ugui.o(.constdata)
    Num1624                                  0x08004886   Data         672  uc1689ugui.o(.constdata)
    Icon                                     0x08004b26   Data         348  uc1689ugui.o(.constdata)
    Region$$Table$$Base                      0x08004e84   Number         0  anon$$obj.o(Region$$Table)
    Region$$Table$$Limit                     0x08004ea4   Number         0  anon$$obj.o(Region$$Table)
    Tx1_Buffer                               0x20000000   Data          20  main.o(.data)
    Test                                     0x20000014   Data           4  main.o(.data)
    TimeMs                                   0x20000018   Data           4  stm32f10x_it.o(.data)
    IC1ReadValue1                            0x2000001c   Data           2  stm32f10x_it.o(.data)
    IC1ReadValue2                            0x2000001e   Data           2  stm32f10x_it.o(.data)
    CaptureNumber                            0x20000020   Data           2  stm32f10x_it.o(.data)
    Capture                                  0x20000024   Data           4  stm32f10x_it.o(.data)
    TIM8Freq                                 0x20000028   Data           4  stm32f10x_it.o(.data)
    testp                                    0x2000002c   Data           4  stm32f10x_it.o(.data)
    MbStatus                                 0x20000035   Data           2  modbus.o(.data)
    MbFsm                                    0x20000037   Data           1  modbus.o(.data)
    Len                                      0x20000038   Data           1  modbus.o(.data)
    CharFont                                 0x2000003c   Data           1  uc1689ugui.o(.data)
    Char_XSIZE                               0x2000003d   Data           1  uc1689ugui.o(.data)
    Char_YSIZE                               0x2000003e   Data           1  uc1689ugui.o(.data)
    Dot                                      0x20000040   Data          72  uc1689ugui.o(.data)
    uPiont                                   0x20000088   Data           2  uc1689u.o(.data)
    SystemCoreClock                          0x2000008c   Data           4  system_stm32f10x.o(.data)
    AHBPrescTable                            0x20000090   Data          16  system_stm32f10x.o(.data)
    Rx1_Buffer                               0x200000b4   Data          50  main.o(.bss)
    MbRicv                                   0x2000014a   Data         100  modbus.o(.bss)
    uMb_F0316                                0x200001ae   Data          64  modbus.o(.bss)
    SendBuf                                  0x200001ee   Data          50  modbus.o(.bss)
    SPoint3_Buf                              0x20000220   Data       17280  uc1689u.o(.bss)
    __initial_sp                             0x200049a0   Data           0  startup_stm32f10x_hd.o(STACK)



==============================================================================

Memory Map of the image

  Image Entry point : 0x08000145

  Load Region LR_1 (Base: 0x08000000, Size: 0x00004f58, Max: 0xffffffff, ABSOLUTE)

    Execution Region ER_RO (Base: 0x08000000, Size: 0x00004ea4, Max: 0xffffffff, ABSOLUTE)

    Base Addr    Size         Type   Attr      Idx    E Section Name        Object

    0x08000000   0x00000130   Data   RO         3692    RESET               startup_stm32f10x_hd.o
    0x08000130   0x00000000   Code   RO         3697  * .ARM.Collect$$$$00000000  mc_w.l(entry.o)
    0x08000130   0x00000004   Code   RO         3967    .ARM.Collect$$$$00000001  mc_w.l(entry2.o)
    0x08000134   0x00000004   Code   RO         3970    .ARM.Collect$$$$00000004  mc_w.l(entry5.o)
    0x08000138   0x00000000   Code   RO         3972    .ARM.Collect$$$$00000008  mc_w.l(entry7b.o)
    0x08000138   0x00000000   Code   RO         3974    .ARM.Collect$$$$0000000A  mc_w.l(entry8b.o)
    0x08000138   0x00000008   Code   RO         3975    .ARM.Collect$$$$0000000B  mc_w.l(entry9a.o)
    0x08000140   0x00000000   Code   RO         3977    .ARM.Collect$$$$0000000D  mc_w.l(entry10a.o)
    0x08000140   0x00000000   Code   RO         3979    .ARM.Collect$$$$0000000F  mc_w.l(entry11a.o)
    0x08000140   0x00000004   Code   RO         3968    .ARM.Collect$$$$00002712  mc_w.l(entry2.o)
    0x08000144   0x00000024   Code   RO         3693  * .text               startup_stm32f10x_hd.o
    0x08000168   0x0000000e   Code   RO         3700    .text               mc_w.l(strlen.o)
    0x08000176   0x000000e4   Code   RO         3963    .text               mf_w.l(dmul.o)
    0x0800025a   0x0000002c   Code   RO         3984    .text               mc_w.l(uidiv.o)
    0x08000286   0x00000062   Code   RO         3986    .text               mc_w.l(uldiv.o)
    0x080002e8   0x00000000   Code   RO         3988    .text               mc_w.l(iusefp.o)
    0x080002e8   0x000000ba   Code   RO         3989    .text               mf_w.l(depilogue.o)
    0x080003a2   0x0000014e   Code   RO         3991    .text               mf_w.l(dadd.o)
    0x080004f0   0x000000de   Code   RO         3993    .text               mf_w.l(ddiv.o)
    0x080005ce   0x00000030   Code   RO         3995    .text               mf_w.l(dfixul.o)
    0x080005fe   0x00000002   PAD
    0x08000600   0x00000030   Code   RO         3997    .text               mf_w.l(cdrcmple.o)
    0x08000630   0x00000024   Code   RO         3999    .text               mc_w.l(init.o)
    0x08000654   0x0000001e   Code   RO         4002    .text               mc_w.l(llshl.o)
    0x08000672   0x00000020   Code   RO         4004    .text               mc_w.l(llushr.o)
    0x08000692   0x00000024   Code   RO         4006    .text               mc_w.l(llsshr.o)
    0x080006b6   0x00000020   Code   RO          436    i.BspInit           bsp.o
    0x080006d6   0x00000004   Code   RO          153    i.BusFault_Handler  stm32f10x_it.o
    0x080006da   0x00000002   Code   RO          154    i.DebugMon_Handler  stm32f10x_it.o
    0x080006dc   0x000000c8   Code   RO          373    i.DisplayDot        uc1689ugui.o
    0x080007a4   0x00000048   Code   RO          375    i.DisplayString     uc1689ugui.o
    0x080007ec   0x00000034   Code   RO         1759    i.FSMC_NORSRAMCmd   stm32f10x_fsmc.o
    0x08000820   0x000000e6   Code   RO         1761    i.FSMC_NORSRAMInit  stm32f10x_fsmc.o
    0x08000906   0x00000116   Code   RO         1874    i.GPIO_Init         stm32f10x_gpio.o
    0x08000a1c   0x00000004   Code   RO         1881    i.GPIO_ResetBits    stm32f10x_gpio.o
    0x08000a20   0x00000004   Code   RO         1882    i.GPIO_SetBits      stm32f10x_gpio.o
    0x08000a24   0x0000000c   Code   RO          437    i.GetSysTimer       bsp.o
    0x08000a30   0x00000004   Code   RO          155    i.HardFault_Handler  stm32f10x_it.o
    0x08000a34   0x00000120   Code   RO          510    i.ILI9342C_TM23_Initial  uc1689u.o
    0x08000b54   0x000000d4   Code   RO          438    i.IoInit            bsp.o
    0x08000c28   0x000000a0   Code   RO          511    i.LCD_CtrlLinesConfig  uc1689u.o
    0x08000cc8   0x00000074   Code   RO          512    i.LCD_FSMCConfig    uc1689u.o
    0x08000d3c   0x00000008   Code   RO          513    i.LCD_ILI9342C_CMD  uc1689u.o
    0x08000d44   0x0000000c   Code   RO          514    i.LCD_ILI9342C_Parameter  uc1689u.o
    0x08000d50   0x0000001c   Code   RO          515    i.LCD_Init          uc1689u.o
    0x08000d6c   0x00000040   Code   RO          516    i.LCD_SetAddress    uc1689u.o
    0x08000dac   0x000000fc   Code   RO          518    i.Lcd_PutPixel      uc1689u.o
    0x08000ea8   0x00000004   Code   RO          156    i.MemManage_Handler  stm32f10x_it.o
    0x08000eac   0x00000038   Code   RO          287    i.ModBusFuc         modbus.o
    0x08000ee4   0x000000e4   Code   RO          288    i.ModBusFuc03       modbus.o
    0x08000fc8   0x00000100   Code   RO          289    i.ModBusFuc16       modbus.o
    0x080010c8   0x0000006c   Code   RO          291    i.ModBusRp          modbus.o
    0x08001134   0x0000010c   Code   RO          292    i.ModBusRun         modbus.o
    0x08001240   0x00000002   Code   RO          157    i.NMI_Handler       stm32f10x_it.o
    0x08001242   0x0000003e   Code   RO          440    i.NVIC_Configuration  bsp.o
    0x08001280   0x00000070   Code   RO          723    i.NVIC_Init         misc.o
    0x080012f0   0x00000014   Code   RO          724    i.NVIC_PriorityGroupConfig  misc.o
    0x08001304   0x00000002   Code   RO          158    i.PendSV_Handler    stm32f10x_it.o
    0x08001306   0x00000002   PAD
    0x08001308   0x00000020   Code   RO         2289    i.RCC_AHBPeriphClockCmd  stm32f10x_rcc.o
    0x08001328   0x00000020   Code   RO         2291    i.RCC_APB1PeriphResetCmd  stm32f10x_rcc.o
    0x08001348   0x00000020   Code   RO         2292    i.RCC_APB2PeriphClockCmd  stm32f10x_rcc.o
    0x08001368   0x00000020   Code   RO         2293    i.RCC_APB2PeriphResetCmd  stm32f10x_rcc.o
    0x08001388   0x000000d4   Code   RO         2300    i.RCC_GetClocksFreq  stm32f10x_rcc.o
    0x0800145c   0x00000002   Code   RO          159    i.SVC_Handler       stm32f10x_it.o
    0x0800145e   0x00000002   PAD
    0x08001460   0x0000000c   Code   RO          378    i.SetFont           uc1689ugui.o
    0x0800146c   0x00000008   Code   RO          689    i.SetSysClock       system_stm32f10x.o
    0x08001474   0x000000e0   Code   RO          690    i.SetSysClockTo72   system_stm32f10x.o
    0x08001554   0x00000054   Code   RO          160    i.SysTick_Handler   stm32f10x_it.o
    0x080015a8   0x00000060   Code   RO          692    i.SystemInit        system_stm32f10x.o
    0x08001608   0x00000080   Code   RO         2908    i.TI1_Config        stm32f10x_tim.o
    0x08001688   0x00000098   Code   RO         2909    i.TI2_Config        stm32f10x_tim.o
    0x08001720   0x00000090   Code   RO         2910    i.TI3_Config        stm32f10x_tim.o
    0x080017b0   0x00000098   Code   RO         2911    i.TI4_Config        stm32f10x_tim.o
    0x08001848   0x00000018   Code   RO         2924    i.TIM_Cmd           stm32f10x_tim.o
    0x08001860   0x000000ac   Code   RO         2947    i.TIM_ICInit        stm32f10x_tim.o
    0x0800190c   0x00000012   Code   RO         2949    i.TIM_ITConfig      stm32f10x_tim.o
    0x0800191e   0x00000012   Code   RO         2990    i.TIM_SetIC1Prescaler  stm32f10x_tim.o
    0x08001930   0x0000001a   Code   RO         2991    i.TIM_SetIC2Prescaler  stm32f10x_tim.o
    0x0800194a   0x00000012   Code   RO         2992    i.TIM_SetIC3Prescaler  stm32f10x_tim.o
    0x0800195c   0x0000001a   Code   RO         2993    i.TIM_SetIC4Prescaler  stm32f10x_tim.o
    0x08001976   0x00000002   PAD
    0x08001978   0x000000a4   Code   RO         2995    i.TIM_TimeBaseInit  stm32f10x_tim.o
    0x08001a1c   0x00000068   Code   RO          443    i.Timer8Init        bsp.o
    0x08001a84   0x000000b4   Code   RO          161    i.USART1_IRQHandler  stm32f10x_it.o
    0x08001b38   0x00000064   Code   RO          444    i.USART1_SendArray  bsp.o
    0x08001b9c   0x00000018   Code   RO         3460    i.USART_Cmd         stm32f10x_usart.o
    0x08001bb4   0x0000009c   Code   RO         3462    i.USART_DeInit      stm32f10x_usart.o
    0x08001c50   0x0000001a   Code   RO         3463    i.USART_GetFlagStatus  stm32f10x_usart.o
    0x08001c6a   0x00000054   Code   RO         3464    i.USART_GetITStatus  stm32f10x_usart.o
    0x08001cbe   0x0000004a   Code   RO         3466    i.USART_ITConfig    stm32f10x_usart.o
    0x08001d08   0x000000d8   Code   RO         3467    i.USART_Init        stm32f10x_usart.o
    0x08001de0   0x0000000a   Code   RO         3474    i.USART_ReceiveData  stm32f10x_usart.o
    0x08001dea   0x00000008   Code   RO         3477    i.USART_SendData    stm32f10x_usart.o
    0x08001df2   0x00000004   Code   RO          162    i.UsageFault_Handler  stm32f10x_it.o
    0x08001df6   0x00000002   PAD
    0x08001df8   0x00000058   Code   RO          445    i.UsartInit         bsp.o
    0x08001e50   0x00000002   Code   RO          249    i.WeighInit         weigh.o
    0x08001e52   0x00000002   PAD
    0x08001e54   0x00000028   Code   RO         3937    i.__0sprintf        mc_w.l(printfa.o)
    0x08001e7c   0x0000000e   Code   RO         4011    i.__scatterload_copy  mc_w.l(handlers.o)
    0x08001e8a   0x00000002   Code   RO         4012    i.__scatterload_null  mc_w.l(handlers.o)
    0x08001e8c   0x0000000e   Code   RO         4013    i.__scatterload_zeroinit  mc_w.l(handlers.o)
    0x08001e9a   0x00000002   PAD
    0x08001e9c   0x00000184   Code   RO         3942    i._fp_digits        mc_w.l(printfa.o)
    0x08002020   0x000006dc   Code   RO         3943    i._printf_core      mc_w.l(printfa.o)
    0x080026fc   0x00000024   Code   RO         3944    i._printf_post_padding  mc_w.l(printfa.o)
    0x08002720   0x0000002e   Code   RO         3945    i._printf_pre_padding  mc_w.l(printfa.o)
    0x0800274e   0x0000000a   Code   RO         3947    i._sputc            mc_w.l(printfa.o)
    0x08002758   0x00000030   Code   RO          519    i.clear_screen      uc1689u.o
    0x08002788   0x0000000c   Code   RO          520    i.delay             uc1689u.o
    0x08002794   0x0000000e   Code   RO          583    i.i2c_Delay         bsp_i2c_gpio.o
    0x080027a2   0x00000008   Code   RO          584    i.i2c_Init          bsp_i2c_gpio.o
    0x080027aa   0x00000002   PAD
    0x080027ac   0x00000024   Code   RO          589    i.i2c_Stop          bsp_i2c_gpio.o
    0x080027d0   0x000000cc   Code   RO            1    i.main              main.o
    0x0800289c   0x00000038   Code   RO          646    i.usMBCRC16         mbcrc.o
    0x080028d4   0x000023ae   Data   RO          379    .constdata          uc1689ugui.o
    0x08004c82   0x00000200   Data   RO          647    .constdata          mbcrc.o
    0x08004e82   0x00000002   PAD
    0x08004e84   0x00000020   Data   RO         4009    Region$$Table       anon$$obj.o


    Execution Region ER_RW (Base: 0x20000000, Size: 0x000000b4, Max: 0xffffffff, ABSOLUTE)

    Base Addr    Size         Type   Attr      Idx    E Section Name        Object

    0x20000000   0x00000018   Data   RW            3    .data               main.o
    0x20000018   0x0000001d   Data   RW          164    .data               stm32f10x_it.o
    0x20000035   0x00000004   Data   RW          294    .data               modbus.o
    0x20000039   0x00000003   PAD
    0x2000003c   0x0000004c   Data   RW          380    .data               uc1689ugui.o
    0x20000088   0x00000002   Data   RW          522    .data               uc1689u.o
    0x2000008a   0x00000002   PAD
    0x2000008c   0x00000014   Data   RW          693    .data               system_stm32f10x.o
    0x200000a0   0x00000014   Data   RW         2320    .data               stm32f10x_rcc.o


    Execution Region ER_ZI (Base: 0x200000b4, Size: 0x000048ec, Max: 0xffffffff, ABSOLUTE)

    Base Addr    Size         Type   Attr      Idx    E Section Name        Object

    0x200000b4   0x00000032   Zero   RW            2    .bss                main.o
    0x200000e6   0x00000064   Zero   RW          163    .bss                stm32f10x_it.o
    0x2000014a   0x000000d6   Zero   RW          293    .bss                modbus.o
    0x20000220   0x00004380   Zero   RW          521    .bss                uc1689u.o
    0x200045a0   0x00000400   Zero   RW         3690    STACK               startup_stm32f10x_hd.o


==============================================================================

Image component sizes


      Code (inc. data)   RO Data    RW Data    ZI Data      Debug   Object Name

       610         44          0          0          0       3754   bsp.o
        58          8          0          0          0       1214   bsp_i2c_gpio.o
         0          0          0          0          0         32   core_cm3.o
       204         42          0         24         50     278495   main.o
        56          8        512          0          0       1060   mbcrc.o
       132         22          0          0          0       1471   misc.o
       916         82          0          4        214       4371   modbus.o
        36          8        304          0       1024        768   startup_stm32f10x_hd.o
       282          6          0          0          0       1753   stm32f10x_fsmc.o
       286          0          0          0          0       2952   stm32f10x_gpio.o
       288         32          0         29        100       4884   stm32f10x_it.o
       340         44          0         20          0       5419   stm32f10x_rcc.o
      1042        150          0          0          0       8005   stm32f10x_tim.o
       598         28          0          0          0       6584   stm32f10x_usart.o
       328         28          0         20          0       1993   system_stm32f10x.o
       988         38          0          2      17280       5679   uc1689u.o
       284         24       9134         76          0       4190   uc1689ugui.o
         2          0          0          0          0        368   weigh.o

    ----------------------------------------------------------------------
      6462        564       9984        180      18668     332992   Object Totals
         0          0         32          0          0          0   (incl. Generated)
        12          0          2          5          0          0   (incl. Padding)

    ----------------------------------------------------------------------

      Code (inc. data)   RO Data    RW Data    ZI Data      Debug   Library Member Name

         0          0          0          0          0          0   entry.o
         0          0          0          0          0          0   entry10a.o
         0          0          0          0          0          0   entry11a.o
         8          4          0          0          0          0   entry2.o
         4          0          0          0          0          0   entry5.o
         0          0          0          0          0          0   entry7b.o
         0          0          0          0          0          0   entry8b.o
         8          4          0          0          0          0   entry9a.o
        30          0          0          0          0          0   handlers.o
        36          8          0          0          0         68   init.o
         0          0          0          0          0          0   iusefp.o
        30          0          0          0          0         68   llshl.o
        36          0          0          0          0         68   llsshr.o
        32          0          0          0          0         68   llushr.o
      2276         86          0          0          0        520   printfa.o
        14          0          0          0          0         68   strlen.o
        44          0          0          0          0         80   uidiv.o
        98          0          0          0          0         92   uldiv.o
        48          0          0          0          0         68   cdrcmple.o
       334          0          0          0          0        148   dadd.o
       222          0          0          0          0        100   ddiv.o
       186          0          0          0          0        176   depilogue.o
        48          0          0          0          0         68   dfixul.o
       228          0          0          0          0         96   dmul.o

    ----------------------------------------------------------------------
      3686        102          0          0          0       1688   Library Totals
         4          0          0          0          0          0   (incl. Padding)

    ----------------------------------------------------------------------

      Code (inc. data)   RO Data    RW Data    ZI Data      Debug   Library Name

      2616        102          0          0          0       1032   mc_w.l
      1066          0          0          0          0        656   mf_w.l

    ----------------------------------------------------------------------
      3686        102          0          0          0       1688   Library Totals

    ----------------------------------------------------------------------

==============================================================================


      Code (inc. data)   RO Data    RW Data    ZI Data      Debug   

     10148        666       9984        180      18668     330256   Grand Totals
     10148        666       9984        180      18668     330256   ELF Image Totals
     10148        666       9984        180          0          0   ROM Totals

==============================================================================

    Total RO  Size (Code + RO Data)                20132 (  19.66kB)
    Total RW  Size (RW Data + ZI Data)             18848 (  18.41kB)
    Total ROM Size (Code + RO Data + RW Data)      20312 (  19.84kB)

==============================================================================

